Archive member included to satisfy reference by file (symbol)

Z:\PSA\BBv3-Firmware\BenchBot\Debug\libBenchBot.a(parser.o)
                              main.o (BenchBot::printf(char const*, ...))
Z:\PSA\ClearCore-library\libClearCore\Debug\libClearCore.a(DigitalInOutAnalogOut.o)
                              main.o (ClearCore::DigitalInOutAnalogOut::State(short))
Z:\PSA\ClearCore-library\libClearCore\Debug\libClearCore.a(DigitalInOut.o)
                              Z:\PSA\ClearCore-library\libClearCore\Debug\libClearCore.a(DigitalInOutAnalogOut.o) (ClearCore::DigitalInOut::State(short))
Z:\PSA\ClearCore-library\libClearCore\Debug\libClearCore.a(DigitalIn.o)
                              Z:\PSA\ClearCore-library\libClearCore\Debug\libClearCore.a(DigitalInOut.o) (ClearCore::DigitalIn::State())
Z:\PSA\ClearCore-library\libClearCore\Debug\libClearCore.a(EthernetTcpClient.o)
                              main.o (ClearCore::EthernetTcpClient::Send(unsigned char const*, unsigned long))
Z:\PSA\ClearCore-library\libClearCore\Debug\libClearCore.a(EthernetTcpServer.o)
                              main.o (ClearCore::EthernetTcpServer::EthernetTcpServer(unsigned short))
Z:\PSA\ClearCore-library\libClearCore\Debug\libClearCore.a(InputManager.o)
                              Z:\PSA\ClearCore-library\libClearCore\Debug\libClearCore.a(DigitalIn.o) (ClearCore::InputManager::InterruptHandlerSet(signed char, void (*)(), ClearCore::InputManager::InterruptTrigger, bool, bool))
Z:\PSA\ClearCore-library\libClearCore\Debug\libClearCore.a(SerialUsb.o)
                              main.o (ClearCore::SerialUsb::PortOpen())
Z:\PSA\ClearCore-library\libClearCore\Debug\libClearCore.a(LedDriver.o)
                              main.o (ClearCore::LedDriver::State(short))
Z:\PSA\ClearCore-library\libClearCore\Debug\libClearCore.a(StatusManager.o)
                              Z:\PSA\ClearCore-library\libClearCore\Debug\libClearCore.a(DigitalInOut.o) (ClearCore::StatusManager::BlinkCode(ClearCore::BlinkCodeDriver::BlinkCodeGroups, unsigned char))
Z:\PSA\ClearCore-library\libClearCore\Debug\libClearCore.a(UsbManager.o)
                              Z:\PSA\ClearCore-library\libClearCore\Debug\libClearCore.a(SerialUsb.o) (ClearCore::UsbManager::Speed(unsigned long))
Z:\PSA\ClearCore-library\libClearCore\Debug\libClearCore.a(SysManager.o)
                              Z:\PSA\ClearCore-library\libClearCore\Debug\libClearCore.a(UsbManager.o) (ClearCore::SysManager::ResetBoard(ClearCore::SysManager::ResetModes))
Z:\PSA\ClearCore-library\libClearCore\Debug\libClearCore.a(NvmManager.o)
                              Z:\PSA\ClearCore-library\libClearCore\Debug\libClearCore.a(DigitalInOutAnalogOut.o) (ClearCore::NvmManager::Int16(ClearCore::NvmManager::NvmLocations))
Z:\PSA\ClearCore-library\libClearCore\Debug\libClearCore.a(SysTiming.o)
                              Z:\PSA\ClearCore-library\libClearCore\Debug\libClearCore.a(SysManager.o) (ClearCore::SysTiming::IsrStart())
Z:\PSA\ClearCore-library\libClearCore\Debug\libClearCore.a(EthernetManager.o)
                              Z:\PSA\ClearCore-library\libClearCore\Debug\libClearCore.a(SysManager.o) (ClearCore::EthernetManager::Initialize())
Z:\PSA\ClearCore-library\libClearCore\Debug\libClearCore.a(ShiftRegister.o)
                              Z:\PSA\ClearCore-library\libClearCore\Debug\libClearCore.a(SysManager.o) (ClearCore::ShiftRegister::ShiftRegister())
Z:\PSA\ClearCore-library\libClearCore\Debug\libClearCore.a(MotorManager.o)
                              Z:\PSA\ClearCore-library\libClearCore\Debug\libClearCore.a(SysManager.o) (ClearCore::MotorManager::Initialize())
Z:\PSA\ClearCore-library\libClearCore\Debug\libClearCore.a(StepGenerator.o)
                              Z:\PSA\ClearCore-library\libClearCore\Debug\libClearCore.a(SysManager.o) (ClearCore::StepGenerator::StepGenerator())
Z:\PSA\ClearCore-library\libClearCore\Debug\libClearCore.a(system_same53.o)
                              Z:\PSA\ClearCore-library\libClearCore\Debug\libClearCore.a(SysManager.o) (SystemInit)
Z:\PSA\ClearCore-library\libClearCore\Debug\libClearCore.a(EncoderInput.o)
                              Z:\PSA\ClearCore-library\libClearCore\Debug\libClearCore.a(SysManager.o) (ClearCore::EncoderInput::EncoderInput())
Z:\PSA\ClearCore-library\libClearCore\Debug\libClearCore.a(cdcdf_acm.o)
                              Z:\PSA\ClearCore-library\libClearCore\Debug\libClearCore.a(UsbManager.o) (cdcdf_acm_init)
Z:\PSA\ClearCore-library\libClearCore\Debug\libClearCore.a(usbdc.o)
                              Z:\PSA\ClearCore-library\libClearCore\Debug\libClearCore.a(cdcdf_acm.o) (usbdc_xfer)
Z:\PSA\ClearCore-library\libClearCore\Debug\libClearCore.a(usb_protocol.o)
                              Z:\PSA\ClearCore-library\libClearCore\Debug\libClearCore.a(cdcdf_acm.o) (usb_find_desc)
Z:\PSA\ClearCore-library\libClearCore\Debug\libClearCore.a(hal_usb_device.o)
[...]
Memory Configuration

Name             Origin             Length             Attributes
FLASH            0x00004000         0x0007c000         xr
RAM              0x20000000         0x00030000         xrw
*default*        0x00000000         0xffffffff

Linker script and memory map

LOAD c:/program files (x86)/atmel/studio/7.0/toolchain/arm/arm-gnu-toolchain/bin/../lib/gcc/arm-none-eabi/6.3.1/thumb/v7e-m/fpv4-sp/hard/crti.o
LOAD c:/program files (x86)/atmel/studio/7.0/toolchain/arm/arm-gnu-toolchain/bin/../lib/gcc/arm-none-eabi/6.3.1/thumb/v7e-m/fpv4-sp/hard/crtbegin.o
LOAD c:/program files (x86)/atmel/studio/7.0/toolchain/arm/arm-gnu-toolchain/bin/../lib/gcc/arm-none-eabi/6.3.1/../../../../arm-none-eabi/lib/thumb/v7e-m/fpv4-sp/hard/rdimon-crt0.o
LOAD Device_Startup/startup_same53.o
LOAD main.o
START GROUP
LOAD C:\Program Files (x86)\Atmel\Studio\7.0\Packs\arm\CMSIS\4.5.0\CMSIS\Lib\GCC\libarm_cortexM4lf_math.a
LOAD Z:\PSA\BBv3-Firmware\BenchBot\Debug\libBenchBot.a
LOAD Z:\PSA\ClearCore-library\libClearCore\Debug\libClearCore.a
LOAD Z:\PSA\ClearCore-library\LwIP\Debug\libLwIP.a
END GROUP
LOAD c:/program files (x86)/atmel/studio/7.0/toolchain/arm/arm-gnu-toolchain/bin/../lib/gcc/arm-none-eabi/6.3.1/../../../../arm-none-eabi/lib/thumb/v7e-m/fpv4-sp/hard\libstdc++.a
LOAD c:/program files (x86)/atmel/studio/7.0/toolchain/arm/arm-gnu-toolchain/bin/../lib/gcc/arm-none-eabi/6.3.1/../../../../arm-none-eabi/lib/thumb/v7e-m/fpv4-sp/hard\libm.a
START GROUP
LOAD c:/program files (x86)/atmel/studio/7.0/toolchain/arm/arm-gnu-toolchain/bin/../lib/gcc/arm-none-eabi/6.3.1/thumb/v7e-m/fpv4-sp/hard\libgcc.a
LOAD c:/program files (x86)/atmel/studio/7.0/toolchain/arm/arm-gnu-toolchain/bin/../lib/gcc/arm-none-eabi/6.3.1/../../../../arm-none-eabi/lib/thumb/v7e-m/fpv4-sp/hard\libc.a
END GROUP
START GROUP
LOAD c:/program files (x86)/atmel/studio/7.0/toolchain/arm/arm-gnu-toolchain/bin/../lib/gcc/arm-none-eabi/6.3.1/thumb/v7e-m/fpv4-sp/hard\libgcc.a
LOAD c:/program files (x86)/atmel/studio/7.0/toolchain/arm/arm-gnu-toolchain/bin/../lib/gcc/arm-none-eabi/6.3.1/../../../../arm-none-eabi/lib/thumb/v7e-m/fpv4-sp/hard\libc.a
LOAD c:/program files (x86)/atmel/studio/7.0/toolchain/arm/arm-gnu-toolchain/bin/../lib/gcc/arm-none-eabi/6.3.1/../../../../arm-none-eabi/lib/thumb/v7e-m/fpv4-sp/hard\librdimon.a
END GROUP
LOAD c:/program files (x86)/atmel/studio/7.0/toolchain/arm/arm-gnu-toolchain/bin/../lib/gcc/arm-none-eabi/6.3.1/thumb/v7e-m/fpv4-sp/hard/crtend.o
LOAD c:/program files (x86)/atmel/studio/7.0/toolchain/arm/arm-gnu-toolchain/bin/../lib/gcc/arm-none-eabi/6.3.1/thumb/v7e-m/fpv4-sp/hard/crtn.o

.text           0x00004000    0x2b308
                0x00004000                __text_start__ = .
 *(.sketch_boot)
                0x00004000                . = ALIGN (0x4000)
 *(.vectors)
 .vectors       0x00004000      0x264 Device_Startup/startup_same53.o
                0x00004000                exception_table
 *(.text*)
 .text          0x00004264       0x6c c:/program files (x86)/atmel/studio/7.0/toolchain/arm/arm-gnu-toolchain/bin/../lib/gcc/arm-none-eabi/6.3.1/thumb/v7e-m/fpv4-sp/hard/crtbegin.o
 .text.Dummy_Handler
                0x000042d0        0x4 Device_Startup/startup_same53.o
                0x000042d0                SVCall_Handler
                0x000042d0                EVSYS_0_Handler
                0x000042d0                TCC1_3_Handler
                0x000042d0                DAC_3_Handler
                0x000042d0                TRNG_Handler
                0x000042d0                HardFault_Handler
                0x000042d0                TC2_Handler
                0x000042d0                PDEC_2_Handler
                0x000042d0                AC_Handler
                0x000042d0                SERCOM3_1_Handler
                0x000042d0                TCC2_3_Handler
                0x000042d0                SERCOM3_2_Handler
                0x000042d0                PendSV_Handler
                0x000042d0                TC7_Handler
                0x000042d0                ADC1_1_Handler
                0x000042d0                EVSYS_3_Handler
                0x000042d0                PDEC_0_Handler
                0x000042d0                QSPI_Handler
                0x000042d0                NonMaskableInt_Handler
                0x000042d0                MemManagement_Handler
                0x000042d0                DAC_2_Handler
                0x000042d0                RTC_Handler
                0x000042d0                UsageFault_Handler
                0x000042d0                SERCOM4_0_Handler
                0x000042d0                OSC32KCTRL_Handler
                0x000042d0                TCC2_1_Handler
                0x000042d0                SUPC_1_Handler
                0x000042d0                TCC0_5_Handler
                0x000042d0                TCC0_6_Handler
                0x000042d0                SERCOM6_2_Handler
                0x000042d0                EVSYS_1_Handler
                0x000042d0                TCC1_4_Handler
                0x000042d0                TC6_Handler
                0x000042d0                DMAC_0_Handler
                0x000042d0                WDT_Handler
                0x000042d0                SERCOM6_0_Handler
                0x000042d0                SERCOM5_0_Handler
                0x000042d0                TC4_Handler
                0x000042d0                TC1_Handler
                0x000042d0                OSCCTRL_4_Handler
                0x000042d0                SERCOM4_3_Handler
                0x000042d0                DMAC_4_Handler
                0x000042d0                TCC4_2_Handler
                0x000042d0                PAC_Handler
                0x000042d0                TCC1_0_Handler
                0x000042d0                OSCCTRL_0_Handler
                0x000042d0                OSCCTRL_3_Handler
                0x000042d0                SERCOM4_1_Handler
                0x000042d0                TC3_Handler
                0x000042d0                Dummy_Handler
                0x000042d0                TCC2_2_Handler
                0x000042d0                SERCOM5_1_Handler
                0x000042d0                TCC1_1_Handler
                0x000042d0                DMAC_2_Handler
                0x000042d0                ADC0_0_Handler
                0x000042d0                SERCOM0_1_Handler
                0x000042d0                OSCCTRL_2_Handler
                0x000042d0                ADC1_0_Handler
                0x000042d0                TCC1_2_Handler
                0x000042d0                SERCOM7_1_Handler
                0x000042d0                PM_Handler
                0x000042d0                SERCOM6_3_Handler
                0x000042d0                DAC_4_Handler
                0x000042d0                TCC3_2_Handler
                0x000042d0                TCC0_2_Handler
                0x000042d0                DMAC_1_Handler
                0x000042d0                SDHC1_Handler
                0x000042d0                TCC2_0_Handler
                0x000042d0                PDEC_1_Handler
                0x000042d0                TCC4_1_Handler
                0x000042d0                SERCOM5_3_Handler
                0x000042d0                SERCOM6_1_Handler
                0x000042d0                SDHC0_Handler
                0x000042d0                SERCOM1_1_Handler
                0x000042d0                I2S_Handler
                0x000042d0                PCC_Handler
                0x000042d0                DAC_0_Handler
                0x000042d0                TCC0_1_Handler
                0x000042d0                SERCOM1_3_Handler
                0x000042d0                OSCCTRL_1_Handler
                0x000042d0                SERCOM1_0_Handler
                0x000042d0                PUKCC_Handler
                0x000042d0                SERCOM2_1_Handler
                0x000042d0                SERCOM1_2_Handler
                0x000042d0                SERCOM3_0_Handler
                0x000042d0                SERCOM4_2_Handler
                0x000042d0                EVSYS_4_Handler
                0x000042d0                NVMCTRL_1_Handler
                0x000042d0                SERCOM5_2_Handler
                0x000042d0                SERCOM3_3_Handler
                0x000042d0                ADC0_1_Handler
                0x000042d0                TCC3_1_Handler
                0x000042d0                DAC_1_Handler
                0x000042d0                NVMCTRL_0_Handler
                0x000042d0                MCLK_Handler
                0x000042d0                EVSYS_2_Handler
                0x000042d0                SUPC_0_Handler
                0x000042d0                BusFault_Handler
                0x000042d0                FREQM_Handler
                0x000042d0                TC0_Handler
                0x000042d0                TCC0_3_Handler
                0x000042d0                DMAC_3_Handler
                0x000042d0                DebugMonitor_Handler
                0x000042d0                TCC0_4_Handler
                0x000042d0                RAMECC_Handler
                0x000042d0                TC5_Handler
                0x000042d0                AES_Handler
                0x000042d0                ICM_Handler
 .text.startup._GLOBAL__sub_I_packetReceived
                0x000042d4       0x20 main.o
 *fill*         0x000042f4        0x4 
 .text.startup.main
                0x000042f8      0x22c main.o
                0x000042f8                main
 .text._ZN8BenchBot6printfEPKcz
                0x00004524       0x50 Z:\PSA\BBv3-Firmware\BenchBot\Debug\libBenchBot.a(parser.o)
                0x00004524                BenchBot::printf(char const*, ...)
 .text._ZN9ClearCore9DigitalIn17ExternalInterruptEv
                0x00004574        0x8 Z:\PSA\ClearCore-library\libClearCore\Debug\libClearCore.a(DigitalInOutAnalogOut.o)
                0x00004574                ClearCore::DigitalIn::ExternalInterrupt()
 .text._ZN9ClearCore12DigitalInOut11IsInHwFaultEv
                0x0000457c        0x8 Z:\PSA\ClearCore-library\libClearCore\Debug\libClearCore.a(DigitalInOutAnalogOut.o)
                0x0000457c                ClearCore::DigitalInOut::IsInHwFault()
 .text._ZN9ClearCore21DigitalInOutAnalogOut4ModeEv
                0x00004584        0x4 Z:\PSA\ClearCore-library\libClearCore\Debug\libClearCore.a(DigitalInOutAnalogOut.o)
                0x00004584                ClearCore::DigitalInOutAnalogOut::Mode()
 .text._ZN9ClearCore21DigitalInOutAnalogOut4TypeEv
                0x00004588        0x4 Z:\PSA\ClearCore-library\libClearCore\Debug\libClearCore.a(DigitalInOutAnalogOut.o)
                0x00004588                ClearCore::DigitalInOutAnalogOut::Type()
 .text._ZN9ClearCore21DigitalInOutAnalogOut10IsWritableEv
                0x0000458c       0x14 Z:\PSA\ClearCore-library\libClearCore\Debug\libClearCore.a(DigitalInOutAnalogOut.o)
                0x0000458c                ClearCore::DigitalInOutAnalogOut::IsWritable()
 .text._ZN9ClearCore21DigitalInOutAnalogOutC2ENS_13ShiftRegister5MasksEPK15PeripheralRouteS5_S5_b
                0x000045a0       0x34 Z:\PSA\ClearCore-library\libClearCore\Debug\libClearCore.a(DigitalInOutAnalogOut.o)
                0x000045a0                ClearCore::DigitalInOutAnalogOut::DigitalInOutAnalogOut(ClearCore::ShiftRegister::Masks, PeripheralRoute const*, PeripheralRoute const*, PeripheralRoute const*, bool)
                0x000045a0                ClearCore::DigitalInOutAnalogOut::DigitalInOutAnalogOut(ClearCore::ShiftRegister::Masks, PeripheralRoute const*, PeripheralRoute const*, PeripheralRoute const*, bool)
 .text._ZN9ClearCore21DigitalInOutAnalogOut13DacInitializeEv
                0x000045d4      0x100 Z:\PSA\ClearCore-library\libClearCore\Debug\libClearCore.a(DigitalInOutAnalogOut.o)
                0x000045d4                ClearCore::DigitalInOutAnalogOut::DacInitialize()
 .text._ZN9ClearCore21DigitalInOutAnalogOut9DacEnableEv
                0x000046d4       0xc8 Z:\PSA\ClearCore-library\libClearCore\Debug\libClearCore.a(DigitalInOutAnalogOut.o)
                0x000046d4                ClearCore::DigitalInOutAnalogOut::DacEnable()
 .text._ZN9ClearCore21DigitalInOutAnalogOut7RefreshEv
                0x0000479c       0x18 Z:\PSA\ClearCore-library\libClearCore\Debug\libClearCore.a(DigitalInOutAnalogOut.o)
                0x0000479c                ClearCore::DigitalInOutAnalogOut::Refresh()
 .text._ZN9ClearCore21DigitalInOutAnalogOut4ModeENS_9Connector14ConnectorModesE
                0x000047b4       0xf8 Z:\PSA\ClearCore-library\libClearCore\Debug\libClearCore.a(DigitalInOutAnalogOut.o)
                0x000047b4                ClearCore::DigitalInOutAnalogOut::Mode(ClearCore::Connector::ConnectorModes)
 .text._ZN9ClearCore21DigitalInOutAnalogOut5StateEv
                0x000048ac       0x1c Z:\PSA\ClearCore-library\libClearCore\Debug\libClearCore.a(DigitalInOutAnalogOut.o)
                0x000048ac                ClearCore::DigitalInOutAnalogOut::State()
 .text._ZN9ClearCore21DigitalInOutAnalogOut5StateEs
                0x000048c8       0x9c Z:\PSA\ClearCore-library\libClearCore\Debug\libClearCore.a(DigitalInOutAnalogOut.o)
                0x000048c8                ClearCore::DigitalInOutAnalogOut::State(short)
 .text._ZN9ClearCore21DigitalInOutAnalogOut10InitializeE13ClearCorePins
                0x00004964       0xa0 Z:\PSA\ClearCore-library\libClearCore\Debug\libClearCore.a(DigitalInOutAnalogOut.o)
                0x00004964                ClearCore::DigitalInOutAnalogOut::Initialize(ClearCorePins)
 .text._ZN9ClearCore12DigitalInOut4ModeEv
                0x00004a04        0x4 Z:\PSA\ClearCore-library\libClearCore\Debug\libClearCore.a(DigitalInOut.o)
                0x00004a04                ClearCore::DigitalInOut::Mode()
 .text._ZN9ClearCore12DigitalInOut4TypeEv
                0x00004a08        0x4 Z:\PSA\ClearCore-library\libClearCore\Debug\libClearCore.a(DigitalInOut.o)
                0x00004a08                ClearCore::DigitalInOut::Type()
 .text._ZN9ClearCore12DigitalInOut10IsWritableEv
                0x00004a0c       0x14 Z:\PSA\ClearCore-library\libClearCore\Debug\libClearCore.a(DigitalInOut.o)
                0x00004a0c                ClearCore::DigitalInOut::IsWritable()
 .text._ZN9ClearCore12DigitalInOut5StateEs
                0x00004a20       0xb8 Z:\PSA\ClearCore-library\libClearCore\Debug\libClearCore.a(DigitalInOut.o)
                0x00004a20                ClearCore::DigitalInOut::State(short)
 .text._ZN9ClearCore12DigitalInOut4ModeENS_9Connector14ConnectorModesE
                0x00004ad8      0x224 Z:\PSA\ClearCore-library\libClearCore\Debug\libClearCore.a(DigitalInOut.o)
                0x00004ad8                ClearCore::DigitalInOut::Mode(ClearCore::Connector::ConnectorModes)
 .text._ZN9ClearCore12DigitalInOutC2ENS_13ShiftRegister5MasksEPK15PeripheralRouteS5_b
                0x00004cfc       0x6c Z:\PSA\ClearCore-library\libClearCore\Debug\libClearCore.a(DigitalInOut.o)
                0x00004cfc                ClearCore::DigitalInOut::DigitalInOut(ClearCore::ShiftRegister::Masks, PeripheralRoute const*, PeripheralRoute const*, bool)
                0x00004cfc                ClearCore::DigitalInOut::DigitalInOut(ClearCore::ShiftRegister::Masks, PeripheralRoute const*, PeripheralRoute const*, bool)
 .text._ZN9ClearCore12DigitalInOut7RefreshEv
                0x00004d68      0x20c Z:\PSA\ClearCore-library\libClearCore\Debug\libClearCore.a(DigitalInOut.o)
                0x00004d68                ClearCore::DigitalInOut::Refresh()
 .text._ZN9ClearCore12DigitalInOut5StateEv
                0x00004f74       0x40 Z:\PSA\ClearCore-library\libClearCore\Debug\libClearCore.a(DigitalInOut.o)
                0x00004f74                ClearCore::DigitalInOut::State()
 .text._ZN9ClearCore12DigitalInOut10InitializeE13ClearCorePins
                0x00004fb4       0x74 Z:\PSA\ClearCore-library\libClearCore\Debug\libClearCore.a(DigitalInOut.o)
                0x00004fb4                ClearCore::DigitalInOut::Initialize(ClearCorePins)
 .text._ZN9ClearCore9Connector4ModeEv
                0x00005028        0x4 Z:\PSA\ClearCore-library\libClearCore\Debug\libClearCore.a(DigitalIn.o)
                0x00005028                ClearCore::Connector::Mode()
 .text._ZN9ClearCore9Connector17ExternalInterruptEv
                0x0000502c        0x8 Z:\PSA\ClearCore-library\libClearCore\Debug\libClearCore.a(DigitalIn.o)
                0x0000502c                ClearCore::Connector::ExternalInterrupt()
 .text._ZN9ClearCore9DigitalIn4ModeEv
                0x00005034        0x4 Z:\PSA\ClearCore-library\libClearCore\Debug\libClearCore.a(DigitalIn.o)
                0x00005034                ClearCore::DigitalIn::Mode()
 .text._ZN9ClearCore9DigitalIn4ModeENS_9Connector14ConnectorModesE
                0x00005038        0xc Z:\PSA\ClearCore-library\libClearCore\Debug\libClearCore.a(DigitalIn.o)
                0x00005038                ClearCore::DigitalIn::Mode(ClearCore::Connector::ConnectorModes)
 .text._ZN9ClearCore9DigitalIn4TypeEv
                0x00005044        0x4 Z:\PSA\ClearCore-library\libClearCore\Debug\libClearCore.a(DigitalIn.o)
                0x00005044                ClearCore::DigitalIn::Type()
 .text._ZN9ClearCore9DigitalIn10IsWritableEv
                0x00005048        0x4 Z:\PSA\ClearCore-library\libClearCore\Debug\libClearCore.a(DigitalIn.o)
                0x00005048                ClearCore::DigitalIn::IsWritable()
 .text._ZN9ClearCore9DigitalIn5StateEs
                0x0000504c        0x4 Z:\PSA\ClearCore-library\libClearCore\Debug\libClearCore.a(DigitalIn.o)
                0x0000504c                ClearCore::DigitalIn::State(short)
 .text._ZN9ClearCore9DigitalIn11IsInHwFaultEv
                0x00005050        0x4 Z:\PSA\ClearCore-library\libClearCore\Debug\libClearCore.a(DigitalIn.o)
                0x00005050                ClearCore::DigitalIn::IsInHwFault()
 .text._ZN9ClearCore9DigitalIn5StateEv
                0x00005054       0x28 Z:\PSA\ClearCore-library\libClearCore\Debug\libClearCore.a(DigitalIn.o)
                0x00005054                ClearCore::DigitalIn::State()
 .text._ZN9ClearCore9DigitalIn10InitializeE13ClearCorePins
                0x0000507c       0xcc Z:\PSA\ClearCore-library\libClearCore\Debug\libClearCore.a(DigitalIn.o)
                0x0000507c                ClearCore::DigitalIn::Initialize(ClearCorePins)
 .text._ZN9ClearCore9DigitalIn7RefreshEv
                0x00005148      0x14c Z:\PSA\ClearCore-library\libClearCore\Debug\libClearCore.a(DigitalIn.o)
                0x00005148                ClearCore::DigitalIn::Refresh()
 .text._ZN9ClearCore9ConnectorC2Ev
                0x00005294       0x14 Z:\PSA\ClearCore-library\libClearCore\Debug\libClearCore.a(DigitalIn.o)
                0x00005294                ClearCore::Connector::Connector()
                0x00005294                ClearCore::Connector::Connector()
 .text._ZN9ClearCore9DigitalInC2ENS_13ShiftRegister5MasksEPK15PeripheralRoute
                0x000052a8       0x48 Z:\PSA\ClearCore-library\libClearCore\Debug\libClearCore.a(DigitalIn.o)
                0x000052a8                ClearCore::DigitalIn::DigitalIn(ClearCore::ShiftRegister::Masks, PeripheralRoute const*)
                0x000052a8                ClearCore::DigitalIn::DigitalIn(ClearCore::ShiftRegister::Masks, PeripheralRoute const*)
 .text._ZN9ClearCore9DigitalIn7StateRTEv
                0x000052f0       0x1c Z:\PSA\ClearCore-library\libClearCore\Debug\libClearCore.a(DigitalIn.o)
                0x000052f0                ClearCore::DigitalIn::StateRT()
 .text._ZN9ClearCore9DigitalIn17UpdateFilterStateEv
                0x0000530c       0x9c Z:\PSA\ClearCore-library\libClearCore\Debug\libClearCore.a(DigitalIn.o)
                0x0000530c                ClearCore::DigitalIn::UpdateFilterState()
 .text._ZN9ClearCore17EthernetTcpClienteqES0_
                0x000053a8       0x10 Z:\PSA\ClearCore-library\libClearCore\Debug\libClearCore.a(EthernetTcpClient.o)
                0x000053a8                ClearCore::EthernetTcpClient::operator==(ClearCore::EthernetTcpClient)
 .text._ZN9ClearCore17EthernetTcpClient4SendEPKhm
                0x000053b8       0x78 Z:\PSA\ClearCore-library\libClearCore\Debug\libClearCore.a(EthernetTcpClient.o)
                0x000053b8                ClearCore::EthernetTcpClient::Send(unsigned char const*, unsigned long)
 .text._ZN9ClearCore17EthernetTcpClientC2Ev
                0x00005430       0x18 Z:\PSA\ClearCore-library\libClearCore\Debug\libClearCore.a(EthernetTcpClient.o)
                0x00005430                ClearCore::EthernetTcpClient::EthernetTcpClient()
                0x00005430                ClearCore::EthernetTcpClient::EthernetTcpClient()
 .text._ZN9ClearCore17EthernetTcpClientC2EPNS_11EthernetTcp7TcpDataE
                0x00005448       0x20 Z:\PSA\ClearCore-library\libClearCore\Debug\libClearCore.a(EthernetTcpClient.o)
                0x00005448                ClearCore::EthernetTcpClient::EthernetTcpClient(ClearCore::EthernetTcp::TcpData*)
                0x00005448                ClearCore::EthernetTcpClient::EthernetTcpClient(ClearCore::EthernetTcp::TcpData*)
 .text._ZN9ClearCore17EthernetTcpClient9ConnectedEv
                0x00005468       0x1c Z:\PSA\ClearCore-library\libClearCore\Debug\libClearCore.a(EthernetTcpClient.o)
                0x00005468                ClearCore::EthernetTcpClient::Connected()
 .text._ZN9ClearCore17EthernetTcpClient14BytesAvailableEv
                0x00005484       0x28 Z:\PSA\ClearCore-library\libClearCore\Debug\libClearCore.a(EthernetTcpClient.o)
                0x00005484                ClearCore::EthernetTcpClient::BytesAvailable()
 .text._ZN9ClearCore17EthernetTcpClient4ReadEPhm
                0x000054ac       0x5c Z:\PSA\ClearCore-library\libClearCore\Debug\libClearCore.a(EthernetTcpClient.o)
                0x000054ac                ClearCore::EthernetTcpClient::Read(unsigned char*, unsigned long)
 .text._ZN9ClearCore17EthernetTcpClient5CloseEv
                0x00005508       0x24 Z:\PSA\ClearCore-library\libClearCore\Debug\libClearCore.a(EthernetTcpClient.o)
                0x00005508                ClearCore::EthernetTcpClient::Close()
 .text._ZN9ClearCore17EthernetTcpServerC2Et
                0x0000552c       0x28 Z:\PSA\ClearCore-library\libClearCore\Debug\libClearCore.a(EthernetTcpServer.o)
                0x0000552c                ClearCore::EthernetTcpServer::EthernetTcpServer(unsigned short)
                0x0000552c                ClearCore::EthernetTcpServer::EthernetTcpServer(unsigned short)
 .text._ZN9ClearCore17EthernetTcpServer5BeginEv
                0x00005554       0x8c Z:\PSA\ClearCore-library\libClearCore\Debug\libClearCore.a(EthernetTcpServer.o)
                0x00005554                ClearCore::EthernetTcpServer::Begin()
 .text._ZN9ClearCore17EthernetTcpServer9AvailableEv
                0x000055e0       0x94 Z:\PSA\ClearCore-library\libClearCore\Debug\libClearCore.a(EthernetTcpServer.o)
                0x000055e0                ClearCore::EthernetTcpServer::Available()
 .text._ZN9ClearCore17EthernetTcpServer4SendEPKhm
                0x00005674       0x50 Z:\PSA\ClearCore-library\libClearCore\Debug\libClearCore.a(EthernetTcpServer.o)
                0x00005674                ClearCore::EthernetTcpServer::Send(unsigned char const*, unsigned long)
 .text._ZN9ClearCore12InputManager8InstanceEv
                0x000056c4       0x5c Z:\PSA\ClearCore-library\libClearCore\Debug\libClearCore.a(InputManager.o)
                0x000056c4                ClearCore::InputManager::Instance()
 .text._ZN9ClearCore12InputManager10InitializeEv
                0x00005720       0x18 Z:\PSA\ClearCore-library\libClearCore\Debug\libClearCore.a(InputManager.o)
                0x00005720                ClearCore::InputManager::Initialize()
 .text._ZN9ClearCore12InputManager15InterruptEnableEabb
                0x00005738       0x78 Z:\PSA\ClearCore-library\libClearCore\Debug\libClearCore.a(InputManager.o)
                0x00005738                ClearCore::InputManager::InterruptEnable(signed char, bool, bool)
 .text._ZN9ClearCore12InputManager11EIC_HandlerEh
                0x000057b0       0x5c Z:\PSA\ClearCore-library\libClearCore\Debug\libClearCore.a(InputManager.o)
                0x000057b0                ClearCore::InputManager::EIC_Handler(unsigned char)
 .text._ZN9ClearCore12InputManager11UpdateBeginEv
                0x0000580c       0x28 Z:\PSA\ClearCore-library\libClearCore\Debug\libClearCore.a(InputManager.o)
                0x0000580c                ClearCore::InputManager::UpdateBegin()
 .text._ZN9ClearCore12InputManager9UpdateEndEv
                0x00005834       0x54 Z:\PSA\ClearCore-library\libClearCore\Debug\libClearCore.a(InputManager.o)
                0x00005834                ClearCore::InputManager::UpdateEnd()
 .text.startup._GLOBAL__sub_I__ZN9ClearCore8InputMgrE
                0x00005888       0x10 Z:\PSA\ClearCore-library\libClearCore\Debug\libClearCore.a(InputManager.o)
 .text._ZN9ClearCore9SerialUsb6ParityENS_7ISerial9_ParitiesE
                0x00005898        0xc Z:\PSA\ClearCore-library\libClearCore\Debug\libClearCore.a(SerialUsb.o)
                0x00005898                ClearCore::SerialUsb::Parity(ClearCore::ISerial::_Parities)
 .text._ZN9ClearCore9SerialUsb6ParityEv
                0x000058a4        0x4 Z:\PSA\ClearCore-library\libClearCore\Debug\libClearCore.a(SerialUsb.o)
                0x000058a4                ClearCore::SerialUsb::Parity()
 .text._ZN9ClearCore9SerialUsb8StopBitsEh
                0x000058a8        0xc Z:\PSA\ClearCore-library\libClearCore\Debug\libClearCore.a(SerialUsb.o)
                0x000058a8                ClearCore::SerialUsb::StopBits(unsigned char)
 .text._ZN9ClearCore9SerialUsb8CharSizeEh
                0x000058b4        0xc Z:\PSA\ClearCore-library\libClearCore\Debug\libClearCore.a(SerialUsb.o)
                0x000058b4                ClearCore::SerialUsb::CharSize(unsigned char)
 .text._ZN9ClearCore9SerialUsb4ModeEv
                0x000058c0        0xc Z:\PSA\ClearCore-library\libClearCore\Debug\libClearCore.a(SerialUsb.o)
                0x000058c0                ClearCore::SerialUsb::Mode()
                0x000058c4                non-virtual thunk to ClearCore::SerialUsb::Mode()
 .text._ZN9ClearCore9SerialUsb4ModeENS_9Connector14ConnectorModesE
                0x000058cc       0x14 Z:\PSA\ClearCore-library\libClearCore\Debug\libClearCore.a(SerialUsb.o)
                0x000058cc                ClearCore::SerialUsb::Mode(ClearCore::Connector::ConnectorModes)
                0x000058d8                non-virtual thunk to ClearCore::SerialUsb::Mode(ClearCore::Connector::ConnectorModes)
 .text._ZN9ClearCore9SerialUsb4TypeEv
                0x000058e0        0xc Z:\PSA\ClearCore-library\libClearCore\Debug\libClearCore.a(SerialUsb.o)
                0x000058e0                ClearCore::SerialUsb::Type()
                0x000058e4                non-virtual thunk to ClearCore::SerialUsb::Type()
 .text._ZN9ClearCore9SerialUsb11IsInHwFaultEv
                0x000058ec        0xc Z:\PSA\ClearCore-library\libClearCore\Debug\libClearCore.a(SerialUsb.o)
                0x000058ec                ClearCore::SerialUsb::IsInHwFault()
                0x000058f0                non-virtual thunk to ClearCore::SerialUsb::IsInHwFault()
 .text._ZN9ClearCore9SerialUsb10InitializeE13ClearCorePins
                0x000058f8       0x10 Z:\PSA\ClearCore-library\libClearCore\Debug\libClearCore.a(SerialUsb.o)
                0x000058f8                ClearCore::SerialUsb::Initialize(ClearCorePins)
                0x00005900                non-virtual thunk to ClearCore::SerialUsb::Initialize(ClearCorePins)
 .text._ZN9ClearCore9SerialUsb7RefreshEv
                0x00005908        0xc Z:\PSA\ClearCore-library\libClearCore\Debug\libClearCore.a(SerialUsb.o)
                0x00005908                ClearCore::SerialUsb::Refresh()
                0x0000590c                non-virtual thunk to ClearCore::SerialUsb::Refresh()
 .text._ZN9ClearCore9SerialUsb10FlushInputEv
                0x00005914        0xc Z:\PSA\ClearCore-library\libClearCore\Debug\libClearCore.a(SerialUsb.o)
                0x00005914                ClearCore::SerialUsb::FlushInput()
 .text._ZN9ClearCore9SerialUsb19WaitForTransmitIdleEv
                0x00005920        0xc Z:\PSA\ClearCore-library\libClearCore\Debug\libClearCore.a(SerialUsb.o)
                0x00005920                ClearCore::SerialUsb::WaitForTransmitIdle()
                0x00005920                ClearCore::SerialUsb::Flush()
 .text._ZN9ClearCore9SerialUsbcvbEv
                0x0000592c        0xc Z:\PSA\ClearCore-library\libClearCore\Debug\libClearCore.a(SerialUsb.o)
                0x0000592c                ClearCore::SerialUsb::PortIsOpen()
                0x0000592c                ClearCore::SerialUsb::operator bool()
 .text._ZN9ClearCore9SerialUsb8PortOpenEv
                0x00005938        0xc Z:\PSA\ClearCore-library\libClearCore\Debug\libClearCore.a(SerialUsb.o)
                0x00005938                ClearCore::SerialUsb::PortOpen()
 .text._ZN9ClearCore9SerialUsb9PortCloseEv
                0x00005944        0xc Z:\PSA\ClearCore-library\libClearCore\Debug\libClearCore.a(SerialUsb.o)
                0x00005944                ClearCore::SerialUsb::PortClose()
 .text._ZN9ClearCore9SerialUsb5SpeedEm
                0x00005950        0xc Z:\PSA\ClearCore-library\libClearCore\Debug\libClearCore.a(SerialUsb.o)
                0x00005950                ClearCore::SerialUsb::Speed(unsigned long)
 .text._ZN9ClearCore9SerialUsb5SpeedEv
                0x0000595c        0xc Z:\PSA\ClearCore-library\libClearCore\Debug\libClearCore.a(SerialUsb.o)
                0x0000595c                ClearCore::SerialUsb::Speed()
 .text._ZN9ClearCore9SerialUsb7CharGetEv
                0x00005968        0xc Z:\PSA\ClearCore-library\libClearCore\Debug\libClearCore.a(SerialUsb.o)
                0x00005968                ClearCore::SerialUsb::CharGet()
 .text._ZN9ClearCore9SerialUsb8CharPeekEv
                0x00005974        0xc Z:\PSA\ClearCore-library\libClearCore\Debug\libClearCore.a(SerialUsb.o)
                0x00005974                ClearCore::SerialUsb::CharPeek()
 .text._ZN9ClearCore9SerialUsb8SendCharEh
                0x00005980        0xc Z:\PSA\ClearCore-library\libClearCore\Debug\libClearCore.a(SerialUsb.o)
                0x00005980                ClearCore::SerialUsb::SendChar(unsigned char)
 .text._ZN9ClearCore9SerialUsb16AvailableForReadEv
                0x0000598c        0xc Z:\PSA\ClearCore-library\libClearCore\Debug\libClearCore.a(SerialUsb.o)
                0x0000598c                ClearCore::SerialUsb::AvailableForRead()
 .text._ZN9ClearCore9SerialUsb17AvailableForWriteEv
                0x00005998        0xc Z:\PSA\ClearCore-library\libClearCore\Debug\libClearCore.a(SerialUsb.o)
                0x00005998                ClearCore::SerialUsb::AvailableForWrite()
 .text._ZN9ClearCore9SerialUsb10IsWritableEv
                0x000059a4       0x24 Z:\PSA\ClearCore-library\libClearCore\Debug\libClearCore.a(SerialUsb.o)
                0x000059a4                ClearCore::SerialUsb::IsWritable()
                0x000059c0                non-virtual thunk to ClearCore::SerialUsb::IsWritable()
 .text._ZN9ClearCore9SerialUsb5StateEv
                0x000059c8       0x30 Z:\PSA\ClearCore-library\libClearCore\Debug\libClearCore.a(SerialUsb.o)
                0x000059c8                ClearCore::SerialUsb::State()
                0x000059f0                non-virtual thunk to ClearCore::SerialUsb::State()
 .text._ZN9ClearCore9SerialUsb5StateEs
                0x000059f8       0x48 Z:\PSA\ClearCore-library\libClearCore\Debug\libClearCore.a(SerialUsb.o)
                0x000059f8                ClearCore::SerialUsb::State(short)
                0x00005a38                non-virtual thunk to ClearCore::SerialUsb::State(short)
 .text._ZN9ClearCore9LedDriver4ModeEv
                0x00005a40        0x4 Z:\PSA\ClearCore-library\libClearCore\Debug\libClearCore.a(LedDriver.o)
                0x00005a40                ClearCore::LedDriver::Mode()
 .text._ZN9ClearCore9LedDriver4ModeENS_9Connector14ConnectorModesE
                0x00005a44        0xc Z:\PSA\ClearCore-library\libClearCore\Debug\libClearCore.a(LedDriver.o)
                0x00005a44                ClearCore::LedDriver::Mode(ClearCore::Connector::ConnectorModes)
 .text._ZN9ClearCore9LedDriver4TypeEv
                0x00005a50        0x4 Z:\PSA\ClearCore-library\libClearCore\Debug\libClearCore.a(LedDriver.o)
                0x00005a50                ClearCore::LedDriver::Type()
 .text._ZN9ClearCore9LedDriver10IsWritableEv
                0x00005a54        0x4 Z:\PSA\ClearCore-library\libClearCore\Debug\libClearCore.a(LedDriver.o)
                0x00005a54                ClearCore::LedDriver::IsWritable()
 .text._ZN9ClearCore9LedDriver11IsInHwFaultEv
                0x00005a58        0x4 Z:\PSA\ClearCore-library\libClearCore\Debug\libClearCore.a(LedDriver.o)
                0x00005a58                ClearCore::LedDriver::IsInHwFault()
 .text._ZN9ClearCore9LedDriver7RefreshEv
                0x00005a5c        0x4 Z:\PSA\ClearCore-library\libClearCore\Debug\libClearCore.a(LedDriver.o)
                0x00005a5c                ClearCore::LedDriver::Refresh()
 .text._ZN9ClearCore9LedDriver10InitializeE13ClearCorePins
                0x00005a60        0x8 Z:\PSA\ClearCore-library\libClearCore\Debug\libClearCore.a(LedDriver.o)
                0x00005a60                ClearCore::LedDriver::Initialize(ClearCorePins)
 .text._ZN9ClearCore9LedDriver5StateEv
                0x00005a68       0x18 Z:\PSA\ClearCore-library\libClearCore\Debug\libClearCore.a(LedDriver.o)
                0x00005a68                ClearCore::LedDriver::State()
 .text._ZN9ClearCore9LedDriver5StateEs
                0x00005a80       0x44 Z:\PSA\ClearCore-library\libClearCore\Debug\libClearCore.a(LedDriver.o)
                0x00005a80                ClearCore::LedDriver::State(short)
 .text._ZN9ClearCore9LedDriverC2ENS_13ShiftRegister5MasksE
                0x00005ac4       0x18 Z:\PSA\ClearCore-library\libClearCore\Debug\libClearCore.a(LedDriver.o)
                0x00005ac4                ClearCore::LedDriver::LedDriver(ClearCore::ShiftRegister::Masks)
                0x00005ac4                ClearCore::LedDriver::LedDriver(ClearCore::ShiftRegister::Masks)
 .text._ZN9ClearCore19DigitalInOutHBridge4ModeEv
                0x00005adc        0x4 Z:\PSA\ClearCore-library\libClearCore\Debug\libClearCore.a(StatusManager.o)
                0x00005adc                ClearCore::DigitalInOutHBridge::Mode()
 .text._ZN9ClearCore13StatusManager8InstanceEv
                0x00005ae0       0x7c Z:\PSA\ClearCore-library\libClearCore\Debug\libClearCore.a(StatusManager.o)
                0x00005ae0                ClearCore::StatusManager::Instance()
 .text._ZN9ClearCore13StatusManager8StatusRTENS0_14StatusRegisterE
                0x00005b5c        0xc Z:\PSA\ClearCore-library\libClearCore\Debug\libClearCore.a(StatusManager.o)
                0x00005b5c                ClearCore::StatusManager::StatusRT(ClearCore::StatusManager::StatusRegister)
 .text._ZN9ClearCore13StatusManager14AdcIsInTimeoutEv
                0x00005b68        0xc Z:\PSA\ClearCore-library\libClearCore\Debug\libClearCore.a(StatusManager.o)
                0x00005b68                ClearCore::StatusManager::AdcIsInTimeout()
 .text._ZN9ClearCore13StatusManager10InitializeENS_13ShiftRegister5MasksE
                0x00005b74       0x1c Z:\PSA\ClearCore-library\libClearCore\Debug\libClearCore.a(StatusManager.o)
                0x00005b74                ClearCore::StatusManager::Initialize(ClearCore::ShiftRegister::Masks)
 .text._ZN9ClearCore13StatusManager12HBridgeStateEb
                0x00005b90       0x68 Z:\PSA\ClearCore-library\libClearCore\Debug\libClearCore.a(StatusManager.o)
                0x00005b90                ClearCore::StatusManager::HBridgeState(bool)
 .text._ZN9ClearCore13StatusManager9BlinkCodeENS_15BlinkCodeDriver15BlinkCodeGroupsEh
                0x00005bf8       0x10 Z:\PSA\ClearCore-library\libClearCore\Debug\libClearCore.a(StatusManager.o)
                0x00005bf8                ClearCore::StatusManager::BlinkCode(ClearCore::BlinkCodeDriver::BlinkCodeGroups, unsigned char)
 .text._ZN9ClearCore13StatusManager16UpdateBlinkCodesENS0_14StatusRegisterE
                0x00005c08       0xb4 Z:\PSA\ClearCore-library\libClearCore\Debug\libClearCore.a(StatusManager.o)
                0x00005c08                ClearCore::StatusManager::UpdateBlinkCodes(ClearCore::StatusManager::StatusRegister)
 .text._ZN9ClearCore13StatusManager7RefreshEv
                0x00005cbc      0x294 Z:\PSA\ClearCore-library\libClearCore\Debug\libClearCore.a(StatusManager.o)
                0x00005cbc                ClearCore::StatusManager::Refresh()
 .text._ZN9ClearCore13StatusManager14OverloadUpdateEmb
                0x00005f50       0x1c Z:\PSA\ClearCore-library\libClearCore\Debug\libClearCore.a(StatusManager.o)
                0x00005f50                ClearCore::StatusManager::OverloadUpdate(unsigned long, bool)
 .text.startup._GLOBAL__sub_I__ZN9ClearCore9StatusMgrE
                0x00005f6c       0x10 Z:\PSA\ClearCore-library\libClearCore\Debug\libClearCore.a(StatusManager.o)
 .text._ZN9ClearCore10UsbManager18CBLineStateChangedE22usb_cdc_control_signal
                0x00005f7c       0x80 Z:\PSA\ClearCore-library\libClearCore\Debug\libClearCore.a(UsbManager.o)
                0x00005f7c                ClearCore::UsbManager::CBLineStateChanged(usb_cdc_control_signal)
 .text._ZN9ClearCore10UsbManager10RxCompleteEh13usb_xfer_codem
                0x00005ffc      0x238 Z:\PSA\ClearCore-library\libClearCore\Debug\libClearCore.a(UsbManager.o)
                0x00005ffc                ClearCore::UsbManager::RxComplete(unsigned char, usb_xfer_code, unsigned long)
 .text._ZN9ClearCore10UsbManager10TxCompleteEh13usb_xfer_codem
                0x00006234      0x3d0 Z:\PSA\ClearCore-library\libClearCore\Debug\libClearCore.a(UsbManager.o)
                0x00006234                ClearCore::UsbManager::TxComplete(unsigned char, usb_xfer_code, unsigned long)
 .text._ZN9ClearCore10UsbManager8InstanceEv
                0x00006604       0x68 Z:\PSA\ClearCore-library\libClearCore\Debug\libClearCore.a(UsbManager.o)
                0x00006604                ClearCore::UsbManager::Instance()
 .text._ZN9ClearCore10UsbManager10InitializeEv
                0x0000666c      0x460 Z:\PSA\ClearCore-library\libClearCore\Debug\libClearCore.a(UsbManager.o)
                0x0000666c                ClearCore::UsbManager::Initialize()
 .text._ZN9ClearCore10UsbManager5SpeedEm
                0x00006acc        0x4 Z:\PSA\ClearCore-library\libClearCore\Debug\libClearCore.a(UsbManager.o)
                0x00006acc                ClearCore::UsbManager::Speed(unsigned long)
 .text._ZN9ClearCore10UsbManager5SpeedEv
                0x00006ad0        0xc Z:\PSA\ClearCore-library\libClearCore\Debug\libClearCore.a(UsbManager.o)
                0x00006ad0                ClearCore::UsbManager::Speed()
 .text._ZN9ClearCore10UsbManager8PortOpenEv
                0x00006adc       0x38 Z:\PSA\ClearCore-library\libClearCore\Debug\libClearCore.a(UsbManager.o)
                0x00006adc                ClearCore::UsbManager::PortOpen()
 .text._ZN9ClearCore10UsbManager10FlushInputEv
                0x00006b14       0x1c Z:\PSA\ClearCore-library\libClearCore\Debug\libClearCore.a(UsbManager.o)
                0x00006b14                ClearCore::UsbManager::FlushInput()
 .text._ZN9ClearCore10UsbManager18WaitForWriteFinishEv
                0x00006b30       0x34 Z:\PSA\ClearCore-library\libClearCore\Debug\libClearCore.a(UsbManager.o)
                0x00006b30                ClearCore::UsbManager::WaitForWriteFinish()
 .text._ZN9ClearCore10UsbManagercvbEv
                0x00006b64       0x3c Z:\PSA\ClearCore-library\libClearCore\Debug\libClearCore.a(UsbManager.o)
                0x00006b64                ClearCore::UsbManager::operator bool()
 .text._ZN9ClearCore10UsbManager7CharGetEv
                0x00006ba0      0x258 Z:\PSA\ClearCore-library\libClearCore\Debug\libClearCore.a(UsbManager.o)
                0x00006ba0                ClearCore::UsbManager::CharGet()
 .text._ZN9ClearCore10UsbManager8CharPeekEv
                0x00006df8       0x18 Z:\PSA\ClearCore-library\libClearCore\Debug\libClearCore.a(UsbManager.o)
                0x00006df8                ClearCore::UsbManager::CharPeek()
 .text._ZN9ClearCore10UsbManager8SendCharEh
                0x00006e10       0x68 Z:\PSA\ClearCore-library\libClearCore\Debug\libClearCore.a(UsbManager.o)
                0x00006e10                ClearCore::UsbManager::SendChar(unsigned char)
 .text._ZN9ClearCore10UsbManager16AvailableForReadEv
                0x00006e78       0x10 Z:\PSA\ClearCore-library\libClearCore\Debug\libClearCore.a(UsbManager.o)
                0x00006e78                ClearCore::UsbManager::AvailableForRead()
 .text._ZN9ClearCore10UsbManager17AvailableForWriteEv
                0x00006e88       0x14 Z:\PSA\ClearCore-library\libClearCore\Debug\libClearCore.a(UsbManager.o)
                0x00006e88                ClearCore::UsbManager::AvailableForWrite()
 .text._ZN9ClearCore10UsbManager6TxPumpEv
                0x00006e9c      0x3f4 Z:\PSA\ClearCore-library\libClearCore\Debug\libClearCore.a(UsbManager.o)
                0x00006e9c                ClearCore::UsbManager::TxPump()
 .text._ZN9ClearCore10UsbManager9PortCloseEv
                0x00007290       0x70 Z:\PSA\ClearCore-library\libClearCore\Debug\libClearCore.a(UsbManager.o)
                0x00007290                ClearCore::UsbManager::PortClose()
 .text._ZN9ClearCore10UsbManager7RefreshEv
                0x00007300      0x3f4 Z:\PSA\ClearCore-library\libClearCore\Debug\libClearCore.a(UsbManager.o)
                0x00007300                ClearCore::UsbManager::Refresh()
 .text.startup._GLOBAL__sub_I__ZN9ClearCore6UsbMgrE
                0x000076f4       0x10 Z:\PSA\ClearCore-library\libClearCore\Debug\libClearCore.a(UsbManager.o)
 .text._ZN9ClearCore10SerialBase5SpeedEv
                0x00007704        0x4 Z:\PSA\ClearCore-library\libClearCore\Debug\libClearCore.a(SysManager.o)
                0x00007704                ClearCore::SerialBase::Speed()
 .text._ZN9ClearCore10SerialBase6ParityEv
                0x00007708        0x4 Z:\PSA\ClearCore-library\libClearCore\Debug\libClearCore.a(SysManager.o)
                0x00007708                ClearCore::SerialBase::Parity()
 .text._ZN9ClearCore10SerialBasecvbEv
                0x0000770c        0x4 Z:\PSA\ClearCore-library\libClearCore\Debug\libClearCore.a(SysManager.o)
                0x0000770c                ClearCore::SerialBase::operator bool()
 .text._ZN9ClearCore11MotorDriverC2Ev
                0x00007710       0x44 Z:\PSA\ClearCore-library\libClearCore\Debug\libClearCore.a(SysManager.o)
                0x00007710                ClearCore::MotorDriver::MotorDriver()
                0x00007710                ClearCore::MotorDriver::MotorDriver()
 .text._ZN9ClearCore10SysManagerC2Ev
                0x00007754     0x1784 Z:\PSA\ClearCore-library\libClearCore\Debug\libClearCore.a(SysManager.o)
                0x00007754                ClearCore::SysManager::SysManager()
                0x00007754                ClearCore::SysManager::SysManager()
 .text._ZN9ClearCore10SysManager16ConnectorByIndexE13ClearCorePins
                0x00008ed8       0x1c Z:\PSA\ClearCore-library\libClearCore\Debug\libClearCore.a(SysManager.o)
                0x00008ed8                ClearCore::SysManager::ConnectorByIndex(ClearCorePins)
 .text._ZN9ClearCore10SysManager10InitClocksEv
                0x00008ef4      0x2dc Z:\PSA\ClearCore-library\libClearCore\Debug\libClearCore.a(SysManager.o)
                0x00008ef4                ClearCore::SysManager::InitClocks()
 .text._ZN9ClearCore10SysManager10InitializeEv
                0x000091d0      0x280 Z:\PSA\ClearCore-library\libClearCore\Debug\libClearCore.a(SysManager.o)
                0x000091d0                ClearCore::SysManager::Initialize()
 .text._ZN9ClearCore10SysManager10ResetBoardENS0_10ResetModesE
                0x00009450       0x38 Z:\PSA\ClearCore-library\libClearCore\Debug\libClearCore.a(SysManager.o)
                0x00009450                ClearCore::SysManager::ResetBoard(ClearCore::SysManager::ResetModes)
 .text.GMAC_Handler
                0x00009488        0xc Z:\PSA\ClearCore-library\libClearCore\Debug\libClearCore.a(SysManager.o)
                0x00009488                GMAC_Handler
 .text.SERCOM0_0_Handler
                0x00009494        0xc Z:\PSA\ClearCore-library\libClearCore\Debug\libClearCore.a(SysManager.o)
                0x00009494                SERCOM0_0_Handler
 .text.SERCOM0_2_Handler
                0x000094a0        0xc Z:\PSA\ClearCore-library\libClearCore\Debug\libClearCore.a(SysManager.o)
                0x000094a0                SERCOM0_2_Handler
 .text.SERCOM0_3_Handler
                0x000094ac        0xc Z:\PSA\ClearCore-library\libClearCore\Debug\libClearCore.a(SysManager.o)
                0x000094ac                SERCOM0_3_Handler
 .text.SERCOM2_0_Handler
                0x000094b8        0xc Z:\PSA\ClearCore-library\libClearCore\Debug\libClearCore.a(SysManager.o)
                0x000094b8                SERCOM2_0_Handler
 .text.SERCOM2_2_Handler
                0x000094c4        0xc Z:\PSA\ClearCore-library\libClearCore\Debug\libClearCore.a(SysManager.o)
                0x000094c4                SERCOM2_2_Handler
 .text.SERCOM2_3_Handler
                0x000094d0        0xc Z:\PSA\ClearCore-library\libClearCore\Debug\libClearCore.a(SysManager.o)
                0x000094d0                SERCOM2_3_Handler
 .text.SERCOM7_0_Handler
                0x000094dc        0xc Z:\PSA\ClearCore-library\libClearCore\Debug\libClearCore.a(SysManager.o)
                0x000094dc                SERCOM7_0_Handler
 .text.SERCOM7_2_Handler
                0x000094e8        0xc Z:\PSA\ClearCore-library\libClearCore\Debug\libClearCore.a(SysManager.o)
                0x000094e8                SERCOM7_2_Handler
 .text.SERCOM7_3_Handler
                0x000094f4        0xc Z:\PSA\ClearCore-library\libClearCore\Debug\libClearCore.a(SysManager.o)
                0x000094f4                SERCOM7_3_Handler
 .text.EIC_0_Handler
                0x00009500       0x10 Z:\PSA\ClearCore-library\libClearCore\Debug\libClearCore.a(SysManager.o)
                0x00009500                EIC_0_Handler
 .text.EIC_1_Handler
                0x00009510       0x10 Z:\PSA\ClearCore-library\libClearCore\Debug\libClearCore.a(SysManager.o)
                0x00009510                EIC_1_Handler
 .text.EIC_2_Handler
                0x00009520       0x10 Z:\PSA\ClearCore-library\libClearCore\Debug\libClearCore.a(SysManager.o)
                0x00009520                EIC_2_Handler
 .text.EIC_3_Handler
                0x00009530       0x10 Z:\PSA\ClearCore-library\libClearCore\Debug\libClearCore.a(SysManager.o)
                0x00009530                EIC_3_Handler
 .text.EIC_4_Handler
                0x00009540       0x10 Z:\PSA\ClearCore-library\libClearCore\Debug\libClearCore.a(SysManager.o)
                0x00009540                EIC_4_Handler
 .text.EIC_5_Handler
                0x00009550       0x10 Z:\PSA\ClearCore-library\libClearCore\Debug\libClearCore.a(SysManager.o)
                0x00009550                EIC_5_Handler
 .text.EIC_6_Handler
                0x00009560       0x10 Z:\PSA\ClearCore-library\libClearCore\Debug\libClearCore.a(SysManager.o)
                0x00009560                EIC_6_Handler
 .text.EIC_7_Handler
                0x00009570       0x10 Z:\PSA\ClearCore-library\libClearCore\Debug\libClearCore.a(SysManager.o)
                0x00009570                EIC_7_Handler
 .text.EIC_8_Handler
                0x00009580       0x10 Z:\PSA\ClearCore-library\libClearCore\Debug\libClearCore.a(SysManager.o)
                0x00009580                EIC_8_Handler
 .text.EIC_9_Handler
                0x00009590       0x10 Z:\PSA\ClearCore-library\libClearCore\Debug\libClearCore.a(SysManager.o)
                0x00009590                EIC_9_Handler
 .text.EIC_10_Handler
                0x000095a0       0x10 Z:\PSA\ClearCore-library\libClearCore\Debug\libClearCore.a(SysManager.o)
                0x000095a0                EIC_10_Handler
 .text.EIC_11_Handler
                0x000095b0       0x10 Z:\PSA\ClearCore-library\libClearCore\Debug\libClearCore.a(SysManager.o)
                0x000095b0                EIC_11_Handler
 .text.EIC_12_Handler
                0x000095c0        0xc Z:\PSA\ClearCore-library\libClearCore\Debug\libClearCore.a(SysManager.o)
                0x000095c0                EIC_12_Handler
 .text.EIC_13_Handler
                0x000095cc       0x10 Z:\PSA\ClearCore-library\libClearCore\Debug\libClearCore.a(SysManager.o)
                0x000095cc                EIC_13_Handler
 .text.EIC_14_Handler
                0x000095dc       0x10 Z:\PSA\ClearCore-library\libClearCore\Debug\libClearCore.a(SysManager.o)
                0x000095dc                EIC_14_Handler
 .text.EIC_15_Handler
                0x000095ec       0x10 Z:\PSA\ClearCore-library\libClearCore\Debug\libClearCore.a(SysManager.o)
                0x000095ec                EIC_15_Handler
 .text.TCC3_0_Handler
                0x000095fc       0x18 Z:\PSA\ClearCore-library\libClearCore\Debug\libClearCore.a(SysManager.o)
                0x000095fc                TCC3_0_Handler
 .text.TCC4_0_Handler
                0x00009614       0x18 Z:\PSA\ClearCore-library\libClearCore\Debug\libClearCore.a(SysManager.o)
                0x00009614                TCC4_0_Handler
 .text.SysTick_Handler
                0x0000962c       0x54 Z:\PSA\ClearCore-library\libClearCore\Debug\libClearCore.a(SysManager.o)
                0x0000962c                SysTick_Handler
 .text.TCC0_0_Handler
                0x00009680      0x110 Z:\PSA\ClearCore-library\libClearCore\Debug\libClearCore.a(SysManager.o)
                0x00009680                TCC0_0_Handler
 .text.Reset_Handler
                0x00009790       0x68 Z:\PSA\ClearCore-library\libClearCore\Debug\libClearCore.a(SysManager.o)
                0x00009790                Reset_Handler
 .text.startup._GLOBAL__sub_I__ZN9ClearCore11FastSysTickE
                0x000097f8      0x1e8 Z:\PSA\ClearCore-library\libClearCore\Debug\libClearCore.a(SysManager.o)
 .text._ZN9ClearCore10NvmManager8InstanceEv
                0x000099e0       0x4c Z:\PSA\ClearCore-library\libClearCore\Debug\libClearCore.a(NvmManager.o)
                0x000099e0                ClearCore::NvmManager::Instance()
 .text._ZN9ClearCore10NvmManager5Int16ENS0_12NvmLocationsE
                0x00009a2c       0x14 Z:\PSA\ClearCore-library\libClearCore\Debug\libClearCore.a(NvmManager.o)
                0x00009a2c                ClearCore::NvmManager::Int16(ClearCore::NvmManager::NvmLocations)
 .text._ZN9ClearCore10NvmManager10MacAddressEPh
                0x00009a40       0x48 Z:\PSA\ClearCore-library\libClearCore\Debug\libClearCore.a(NvmManager.o)
                0x00009a40                ClearCore::NvmManager::MacAddress(unsigned char*)
 .text.startup._GLOBAL__sub_I__ZN9ClearCore6NvmMgrE
                0x00009a88       0x10 Z:\PSA\ClearCore-library\libClearCore\Debug\libClearCore.a(NvmManager.o)
 .text._ZN9ClearCore9SysTiming8InstanceEv
                0x00009a98       0x48 Z:\PSA\ClearCore-library\libClearCore\Debug\libClearCore.a(SysTiming.o)
                0x00009a98                ClearCore::SysTiming::Instance()
 .text._ZN9ClearCore9SysTiming8IsrStartEv
                0x00009ae0        0xc Z:\PSA\ClearCore-library\libClearCore\Debug\libClearCore.a(SysTiming.o)
                0x00009ae0                ClearCore::SysTiming::IsrStart()
 .text._ZN9ClearCore9SysTiming6IsrEndEv
                0x00009aec       0x20 Z:\PSA\ClearCore-library\libClearCore\Debug\libClearCore.a(SysTiming.o)
                0x00009aec                ClearCore::SysTiming::IsrEnd()
 .text._ZN9ClearCore9SysTiming6UpdateEv
                0x00009b0c       0x78 Z:\PSA\ClearCore-library\libClearCore\Debug\libClearCore.a(SysTiming.o)
                0x00009b0c                ClearCore::SysTiming::Update()
 .text._ZN9ClearCore9SysTiming21SysTickPeriodMicroSecEm
                0x00009b84       0x4c Z:\PSA\ClearCore-library\libClearCore\Debug\libClearCore.a(SysTiming.o)
                0x00009b84                ClearCore::SysTiming::SysTickPeriodMicroSec(unsigned long)
 .text.Milliseconds
                0x00009bd0        0xc Z:\PSA\ClearCore-library\libClearCore\Debug\libClearCore.a(SysTiming.o)
                0x00009bd0                Milliseconds
 .text.Microseconds
                0x00009bdc       0x48 Z:\PSA\ClearCore-library\libClearCore\Debug\libClearCore.a(SysTiming.o)
                0x00009bdc                Microseconds
 .text.Delay_cycles
                0x00009c24       0x3c Z:\PSA\ClearCore-library\libClearCore\Debug\libClearCore.a(SysTiming.o)
                0x00009c24                Delay_cycles
 .text.startup._GLOBAL__sub_I__ZN9ClearCore7tickCntE
                0x00009c60       0x10 Z:\PSA\ClearCore-library\libClearCore\Debug\libClearCore.a(SysTiming.o)
 .text._Z15ethernetif_initP5netif
                0x00009c70       0x5c Z:\PSA\ClearCore-library\libClearCore\Debug\libClearCore.a(EthernetManager.o)
                0x00009c70                ethernetif_init(netif*)
 .text._ZL11PacketWriteP6ethIntPhm.isra.0
                0x00009ccc      0x118 Z:\PSA\ClearCore-library\libClearCore\Debug\libClearCore.a(EthernetManager.o)
 .text._ZL16low_level_outputP5netifP4pbuf
                0x00009de4       0x6c Z:\PSA\ClearCore-library\libClearCore\Debug\libClearCore.a(EthernetManager.o)
 .text._Z10PacketReadP6ethIntPhm
                0x00009e50       0xfc Z:\PSA\ClearCore-library\libClearCore\Debug\libClearCore.a(EthernetManager.o)
                0x00009e50                PacketRead(ethInt*, unsigned char*, unsigned long)
 .text._ZN9ClearCore15EthernetManager8InstanceEv
                0x00009f4c       0xe8 Z:\PSA\ClearCore-library\libClearCore\Debug\libClearCore.a(EthernetManager.o)
                0x00009f4c                ClearCore::EthernetManager::Instance()
 .text._ZN9ClearCore15EthernetManager13PhyInitializeEv
                0x0000a034      0x110 Z:\PSA\ClearCore-library\libClearCore\Debug\libClearCore.a(EthernetManager.o)
                0x0000a034                ClearCore::EthernetManager::PhyInitialize()
 .text._ZN9ClearCore15EthernetManager10InitializeEv
                0x0000a144      0x578 Z:\PSA\ClearCore-library\libClearCore\Debug\libClearCore.a(EthernetManager.o)
                0x0000a144                ClearCore::EthernetManager::Initialize()
 .text._ZN9ClearCore15EthernetManager13IrqHandlerPhyEv
                0x0000a6bc      0x378 Z:\PSA\ClearCore-library\libClearCore\Debug\libClearCore.a(EthernetManager.o)
                0x0000a6bc                ClearCore::EthernetManager::IrqHandlerPhy()
 .text._ZN9ClearCore15EthernetManager14IrqHandlerGmacEv
                0x0000aa34       0x34 Z:\PSA\ClearCore-library\libClearCore\Debug\libClearCore.a(EthernetManager.o)
                0x0000aa34                ClearCore::EthernetManager::IrqHandlerGmac()
 .text._ZN9ClearCore15EthernetManager7LocalIpEv
                0x0000aa68        0x8 Z:\PSA\ClearCore-library\libClearCore\Debug\libClearCore.a(EthernetManager.o)
                0x0000aa68                ClearCore::EthernetManager::LocalIp()
 .text._ZN9ClearCore15EthernetManager7LocalIpENS_9IpAddressE
                0x0000aa70       0x10 Z:\PSA\ClearCore-library\libClearCore\Debug\libClearCore.a(EthernetManager.o)
                0x0000aa70                ClearCore::EthernetManager::LocalIp(ClearCore::IpAddress)
 .text._ZN9ClearCore15EthernetManager9NetmaskIpENS_9IpAddressE
                0x0000aa80       0x10 Z:\PSA\ClearCore-library\libClearCore\Debug\libClearCore.a(EthernetManager.o)
                0x0000aa80                ClearCore::EthernetManager::NetmaskIp(ClearCore::IpAddress)
 .text._ZN9ClearCore15EthernetManager9GatewayIpENS_9IpAddressE
                0x0000aa90       0x10 Z:\PSA\ClearCore-library\libClearCore\Debug\libClearCore.a(EthernetManager.o)
                0x0000aa90                ClearCore::EthernetManager::GatewayIp(ClearCore::IpAddress)
 .text._ZN9ClearCore15EthernetManager5SetupEv
                0x0000aaa0       0x88 Z:\PSA\ClearCore-library\libClearCore\Debug\libClearCore.a(EthernetManager.o)
                0x0000aaa0                ClearCore::EthernetManager::Setup()
 .text._ZN9ClearCore15EthernetManager7RefreshEv
                0x0000ab28       0xbc Z:\PSA\ClearCore-library\libClearCore\Debug\libClearCore.a(EthernetManager.o)
                0x0000ab28                ClearCore::EthernetManager::Refresh()
 .text.startup._GLOBAL__sub_I__Z12PacketLengthP6ethInt
                0x0000abe4       0x10 Z:\PSA\ClearCore-library\libClearCore\Debug\libClearCore.a(EthernetManager.o)
 .text._ZN9ClearCore13ShiftRegisterC2Ev
                0x0000abf4      0x124 Z:\PSA\ClearCore-library\libClearCore\Debug\libClearCore.a(ShiftRegister.o)
                0x0000abf4                ClearCore::ShiftRegister::ShiftRegister()
                0x0000abf4                ClearCore::ShiftRegister::ShiftRegister()
 .text._ZN9ClearCore13ShiftRegister10InitializeEv
                0x0000ad18      0x1a4 Z:\PSA\ClearCore-library\libClearCore\Debug\libClearCore.a(ShiftRegister.o)
                0x0000ad18                ClearCore::ShiftRegister::Initialize()
 .text._ZN9ClearCore13ShiftRegister6UpdateEv
                0x0000aebc      0x414 Z:\PSA\ClearCore-library\libClearCore\Debug\libClearCore.a(ShiftRegister.o)
                0x0000aebc                ClearCore::ShiftRegister::Update()
 .text._ZN9ClearCore13ShiftRegister18DiagnosticLedSweepEv
                0x0000b2d0      0x148 Z:\PSA\ClearCore-library\libClearCore\Debug\libClearCore.a(ShiftRegister.o)
                0x0000b2d0                ClearCore::ShiftRegister::DiagnosticLedSweep()
 .text._ZN9ClearCore12MotorManager8InstanceEv
                0x0000b418       0x44 Z:\PSA\ClearCore-library\libClearCore\Debug\libClearCore.a(MotorManager.o)
                0x0000b418                ClearCore::MotorManager::Instance()
 .text._ZN9ClearCore12MotorManager18MotorInputClockingENS0_15MotorClockRatesE
                0x0000b45c      0x120 Z:\PSA\ClearCore-library\libClearCore\Debug\libClearCore.a(MotorManager.o)
                0x0000b45c                ClearCore::MotorManager::MotorInputClocking(ClearCore::MotorManager::MotorClockRates)
 .text._ZN9ClearCore12MotorManager10InitializeEv
                0x0000b57c      0x10c Z:\PSA\ClearCore-library\libClearCore\Debug\libClearCore.a(MotorManager.o)
                0x0000b57c                ClearCore::MotorManager::Initialize()
 .text.startup._GLOBAL__sub_I__ZN9ClearCore8MotorMgrE
                0x0000b688       0x10 Z:\PSA\ClearCore-library\libClearCore\Debug\libClearCore.a(MotorManager.o)
 .text._ZN9ClearCore13StepGenerator4MoveElNS0_10MoveTargetE
                0x0000b698       0x74 Z:\PSA\ClearCore-library\libClearCore\Debug\libClearCore.a(StepGenerator.o)
                0x0000b698                ClearCore::StepGenerator::Move(long, ClearCore::StepGenerator::MoveTarget)
 .text._ZN9ClearCore13StepGenerator12MoveVelocityEl
                0x0000b70c       0x94 Z:\PSA\ClearCore-library\libClearCore\Debug\libClearCore.a(StepGenerator.o)
                0x0000b70c                ClearCore::StepGenerator::MoveVelocity(long)
 .text._ZN9ClearCore13StepGenerator15StepsCalculatedEv
                0x0000b7a0      0x4ec Z:\PSA\ClearCore-library\libClearCore\Debug\libClearCore.a(StepGenerator.o)
                0x0000b7a0                ClearCore::StepGenerator::StepsCalculated()
 .text._ZN9ClearCore13StepGeneratorC2Ev
                0x0000bc8c       0x64 Z:\PSA\ClearCore-library\libClearCore\Debug\libClearCore.a(StepGenerator.o)
                0x0000bc8c                ClearCore::StepGenerator::StepGenerator()
                0x0000bc8c                ClearCore::StepGenerator::StepGenerator()
 .text._ZN9ClearCore13StepGenerator14MoveStopAbruptEv
                0x0000bcf0       0x34 Z:\PSA\ClearCore-library\libClearCore\Debug\libClearCore.a(StepGenerator.o)
                0x0000bcf0                ClearCore::StepGenerator::MoveStopAbrupt()
 *fill*         0x0000bd24        0x4 
 .text._ZN9ClearCore13StepGenerator13MoveStopDecelEm
                0x0000bd28       0x58 Z:\PSA\ClearCore-library\libClearCore\Debug\libClearCore.a(StepGenerator.o)
                0x0000bd28                ClearCore::StepGenerator::MoveStopDecel(unsigned long)
 .text._ZN9ClearCore13StepGenerator20StepsPerSampleMaxSetEm
                0x0000bd80       0x68 Z:\PSA\ClearCore-library\libClearCore\Debug\libClearCore.a(StepGenerator.o)
                0x0000bd80                ClearCore::StepGenerator::StepsPerSampleMaxSet(unsigned long)
 .text._ZN9ClearCore13StepGenerator17CheckTravelLimitsEv
                0x0000bde8       0x80 Z:\PSA\ClearCore-library\libClearCore\Debug\libClearCore.a(StepGenerator.o)
                0x0000bde8                ClearCore::StepGenerator::CheckTravelLimits()
 .text.SystemInit
                0x0000be68      0x2b0 Z:\PSA\ClearCore-library\libClearCore\Debug\libClearCore.a(system_same53.o)
                0x0000be68                SystemInit
 .text.GClkFreqUpdate
                0x0000c118       0x44 Z:\PSA\ClearCore-library\libClearCore\Debug\libClearCore.a(system_same53.o)
                0x0000c118                GClkFreqUpdate
 .text._ZN9ClearCore12EncoderInputC2Ev
                0x0000c15c       0x54 Z:\PSA\ClearCore-library\libClearCore\Debug\libClearCore.a(EncoderInput.o)
                0x0000c15c                ClearCore::EncoderInput::EncoderInput()
                0x0000c15c                ClearCore::EncoderInput::EncoderInput()
 .text._ZN9ClearCore12EncoderInput10InitializeEv
                0x0000c1b0       0x5c Z:\PSA\ClearCore-library\libClearCore\Debug\libClearCore.a(EncoderInput.o)
                0x0000c1b0                ClearCore::EncoderInput::Initialize()
 .text._ZN9ClearCore12EncoderInput6UpdateEv
                0x0000c20c       0xbc Z:\PSA\ClearCore-library\libClearCore\Debug\libClearCore.a(EncoderInput.o)
                0x0000c20c                ClearCore::EncoderInput::Update()
 .text.cdcdf_acm_req
                0x0000c2c8       0xe0 Z:\PSA\ClearCore-library\libClearCore\Debug\libClearCore.a(cdcdf_acm.o)
 .text.cdcdf_acm_ctrl
                0x0000c3a8      0x130 Z:\PSA\ClearCore-library\libClearCore\Debug\libClearCore.a(cdcdf_acm.o)
 .text.cdcdf_acm_init
                0x0000c4d8       0x3c Z:\PSA\ClearCore-library\libClearCore\Debug\libClearCore.a(cdcdf_acm.o)
                0x0000c4d8                cdcdf_acm_init
 .text.cdcdf_acm_read
                0x0000c514       0x28 Z:\PSA\ClearCore-library\libClearCore\Debug\libClearCore.a(cdcdf_acm.o)
                0x0000c514                cdcdf_acm_read
 .text.cdcdf_acm_write
                0x0000c53c       0x28 Z:\PSA\ClearCore-library\libClearCore\Debug\libClearCore.a(cdcdf_acm.o)
                0x0000c53c                cdcdf_acm_write
 .text.cdcdf_acm_stop_xfer
                0x0000c564       0x18 Z:\PSA\ClearCore-library\libClearCore\Debug\libClearCore.a(cdcdf_acm.o)
                0x0000c564                cdcdf_acm_stop_xfer
 .text.cdcdf_acm_register_callback
                0x0000c57c       0x50 Z:\PSA\ClearCore-library\libClearCore\Debug\libClearCore.a(cdcdf_acm.o)
                0x0000c57c                cdcdf_acm_register_callback
 .text.cdcdf_acm_is_enabled
                0x0000c5cc        0xc Z:\PSA\ClearCore-library\libClearCore\Debug\libClearCore.a(cdcdf_acm.o)
                0x0000c5cc                cdcdf_acm_is_enabled
 .text.cdcdf_acm_get_line_coding
                0x0000c5d8        0x8 Z:\PSA\ClearCore-library\libClearCore\Debug\libClearCore.a(cdcdf_acm.o)
                0x0000c5d8                cdcdf_acm_get_line_coding
 .text.usbd_sof_cb
                0x0000c5e0       0x1c Z:\PSA\ClearCore-library\libClearCore\Debug\libClearCore.a(usbdc.o)
 .text.usbdc_cb_ctl_done
                0x0000c5fc       0x9c Z:\PSA\ClearCore-library\libClearCore\Debug\libClearCore.a(usbdc.o)
 .text.usbdc_cb_ctl_req
                0x0000c698      0x408 Z:\PSA\ClearCore-library\libClearCore\Debug\libClearCore.a(usbdc.o)
 .text.usbd_event_cb
                0x0000caa0       0x7c Z:\PSA\ClearCore-library\libClearCore\Debug\libClearCore.a(usbdc.o)
 .text.usbdc_xfer
                0x0000cb1c       0x1c Z:\PSA\ClearCore-library\libClearCore\Debug\libClearCore.a(usbdc.o)
                0x0000cb1c                usbdc_xfer
 .text.usbdc_register_handler
                0x0000cb38       0x2c Z:\PSA\ClearCore-library\libClearCore\Debug\libClearCore.a(usbdc.o)
                0x0000cb38                usbdc_register_handler
 .text.usbdc_init
                0x0000cb64       0x50 Z:\PSA\ClearCore-library\libClearCore\Debug\libClearCore.a(usbdc.o)
                0x0000cb64                usbdc_init
 .text.usbdc_register_function
                0x0000cbb4        0xc Z:\PSA\ClearCore-library\libClearCore\Debug\libClearCore.a(usbdc.o)
                0x0000cbb4                usbdc_register_function
 .text.usbdc_start
                0x0000cbc0       0x30 Z:\PSA\ClearCore-library\libClearCore\Debug\libClearCore.a(usbdc.o)
                0x0000cbc0                usbdc_start
 .text.usbdc_attach
                0x0000cbf0        0x4 Z:\PSA\ClearCore-library\libClearCore\Debug\libClearCore.a(usbdc.o)
                0x0000cbf0                usbdc_attach
 .text.usbdc_get_ctrl_buffer
                0x0000cbf4        0xc Z:\PSA\ClearCore-library\libClearCore\Debug\libClearCore.a(usbdc.o)
                0x0000cbf4                usbdc_get_ctrl_buffer
 .text.usbdc_get_state
                0x0000cc00       0x14 Z:\PSA\ClearCore-library\libClearCore\Debug\libClearCore.a(usbdc.o)
                0x0000cc00                usbdc_get_state
 .text.usb_find_desc
                0x0000cc14       0x34 Z:\PSA\ClearCore-library\libClearCore\Debug\libClearCore.a(usb_protocol.o)
                0x0000cc14                usb_find_desc
 .text.usb_find_ep_desc
                0x0000cc48       0x34 Z:\PSA\ClearCore-library\libClearCore\Debug\libClearCore.a(usb_protocol.o)
                0x0000cc48                usb_find_ep_desc
 .text.usb_find_cfg_desc
                0x0000cc7c       0x58 Z:\PSA\ClearCore-library\libClearCore\Debug\libClearCore.a(usb_protocol.o)
                0x0000cc7c                usb_find_cfg_desc
 .text.usb_find_str_desc
                0x0000ccd4       0x38 Z:\PSA\ClearCore-library\libClearCore\Debug\libClearCore.a(usb_protocol.o)
                0x0000ccd4                usb_find_str_desc
 .text.usb_d_dummy_cb_false
                0x0000cd0c        0x4 Z:\PSA\ClearCore-library\libClearCore\Debug\libClearCore.a(hal_usb_device.o)
 .text.usb_d_cb_trans_more
                0x0000cd10       0x44 Z:\PSA\ClearCore-library\libClearCore\Debug\libClearCore.a(hal_usb_device.o)
 .text._usb_d_cb_trans_done
                0x0000cd54      0x13c Z:\PSA\ClearCore-library\libClearCore\Debug\libClearCore.a(hal_usb_device.o)
 .text.usb_d_cb_trans_setup
                0x0000ce90       0xa4 Z:\PSA\ClearCore-library\libClearCore\Debug\libClearCore.a(hal_usb_device.o)
 .text.usb_d_init
                0x0000cf34      0x104 Z:\PSA\ClearCore-library\libClearCore\Debug\libClearCore.a(hal_usb_device.o)
                0x0000cf34                usb_d_init
 .text.usb_d_register_callback
                0x0000d038        0x4 Z:\PSA\ClearCore-library\libClearCore\Debug\libClearCore.a(hal_usb_device.o)
                0x0000d038                usb_d_register_callback
 .text.usb_d_enable
                0x0000d03c        0x4 Z:\PSA\ClearCore-library\libClearCore\Debug\libClearCore.a(hal_usb_device.o)
                0x0000d03c                usb_d_enable
 .text.usb_d_attach
                0x0000d040        0x4 Z:\PSA\ClearCore-library\libClearCore\Debug\libClearCore.a(hal_usb_device.o)
                0x0000d040                usb_d_attach
 .text.usb_d_set_address
                0x0000d044        0x4 Z:\PSA\ClearCore-library\libClearCore\Debug\libClearCore.a(hal_usb_device.o)
                0x0000d044                usb_d_set_address
 .text.usb_d_ep0_init
                0x0000d048       0x9c Z:\PSA\ClearCore-library\libClearCore\Debug\libClearCore.a(hal_usb_device.o)
                0x0000d048                usb_d_ep0_init
 .text.usb_d_ep_init
                0x0000d0e4       0x6c Z:\PSA\ClearCore-library\libClearCore\Debug\libClearCore.a(hal_usb_device.o)
                0x0000d0e4                usb_d_ep_init
 .text.usb_d_ep_deinit
                0x0000d150       0x38 Z:\PSA\ClearCore-library\libClearCore\Debug\libClearCore.a(hal_usb_device.o)
                0x0000d150                usb_d_ep_deinit
 .text.usb_d_ep_enable
                0x0000d188       0x54 Z:\PSA\ClearCore-library\libClearCore\Debug\libClearCore.a(hal_usb_device.o)
                0x0000d188                usb_d_ep_enable
 .text.usb_d_ep_transfer
                0x0000d1dc      0x128 Z:\PSA\ClearCore-library\libClearCore\Debug\libClearCore.a(hal_usb_device.o)
                0x0000d1dc                usb_d_ep_transfer
 .text.usb_d_ep_abort
                0x0000d304       0x3c Z:\PSA\ClearCore-library\libClearCore\Debug\libClearCore.a(hal_usb_device.o)
                0x0000d304                usb_d_ep_abort
 .text.usb_d_ep_halt
                0x0000d340       0x70 Z:\PSA\ClearCore-library\libClearCore\Debug\libClearCore.a(hal_usb_device.o)
                0x0000d340                usb_d_ep_halt
 .text.usb_d_ep_register_callback
                0x0000d3b0       0x5c Z:\PSA\ClearCore-library\libClearCore\Debug\libClearCore.a(hal_usb_device.o)
                0x0000d3b0                usb_d_ep_register_callback
 .text.assert   0x0000d40c        0x8 Z:\PSA\ClearCore-library\libClearCore\Debug\libClearCore.a(utils_assert.o)
                0x0000d40c                assert
 .text.list_insert_at_end
                0x0000d414       0x48 Z:\PSA\ClearCore-library\libClearCore\Debug\libClearCore.a(utils_list.o)
                0x0000d414                list_insert_at_end
 .text._ZN9ClearCore10AdcManager8InstanceEv
                0x0000d45c       0x88 Z:\PSA\ClearCore-library\libClearCore\Debug\libClearCore.a(AdcManager.o)
                0x0000d45c                ClearCore::AdcManager::Instance()
 .text._ZN9ClearCore10AdcManager10InitializeEv
                0x0000d4e4      0x374 Z:\PSA\ClearCore-library\libClearCore\Debug\libClearCore.a(AdcManager.o)
                0x0000d4e4                ClearCore::AdcManager::Initialize()
 .text._ZN9ClearCore10AdcManager6UpdateEv
                0x0000d858      0x244 Z:\PSA\ClearCore-library\libClearCore\Debug\libClearCore.a(AdcManager.o)
                0x0000d858                ClearCore::AdcManager::Update()
 .text._ZN9ClearCore10AdcManager8FilterTcENS0_11AdcChannelsEtNS0_11FilterUnitsE
                0x0000da9c       0x9c Z:\PSA\ClearCore-library\libClearCore\Debug\libClearCore.a(AdcManager.o)
                0x0000da9c                ClearCore::AdcManager::FilterTc(ClearCore::AdcManager::AdcChannels, unsigned short, ClearCore::AdcManager::FilterUnits)
 .text.startup._GLOBAL__sub_I__ZN9ClearCore6AdcMgrE
                0x0000db38       0x4c Z:\PSA\ClearCore-library\libClearCore\Debug\libClearCore.a(AdcManager.o)
 .text._ZN9ClearCore17DigitalInAnalogIn4ModeEv
                0x0000db84        0x4 Z:\PSA\ClearCore-library\libClearCore\Debug\libClearCore.a(DigitalInAnalogIn.o)
                0x0000db84                ClearCore::DigitalInAnalogIn::Mode()
 .text._ZN9ClearCore17DigitalInAnalogIn4TypeEv
                0x0000db88        0x4 Z:\PSA\ClearCore-library\libClearCore\Debug\libClearCore.a(DigitalInAnalogIn.o)
                0x0000db88                ClearCore::DigitalInAnalogIn::Type()
 .text._ZN9ClearCore17DigitalInAnalogIn10IsWritableEv
                0x0000db8c        0x4 Z:\PSA\ClearCore-library\libClearCore\Debug\libClearCore.a(DigitalInAnalogIn.o)
                0x0000db8c                ClearCore::DigitalInAnalogIn::IsWritable()
 .text._ZN9ClearCore17DigitalInAnalogIn5StateEs
                0x0000db90        0x4 Z:\PSA\ClearCore-library\libClearCore\Debug\libClearCore.a(DigitalInAnalogIn.o)
                0x0000db90                ClearCore::DigitalInAnalogIn::State(short)
 .text._ZN9ClearCore17DigitalInAnalogIn4ModeENS_9Connector14ConnectorModesE
                0x0000db94       0xfc Z:\PSA\ClearCore-library\libClearCore\Debug\libClearCore.a(DigitalInAnalogIn.o)
                0x0000db94                ClearCore::DigitalInAnalogIn::Mode(ClearCore::Connector::ConnectorModes)
 .text._ZN9ClearCore17DigitalInAnalogInC2ENS_13ShiftRegister5MasksES2_PK15PeripheralRouteNS_10AdcManager11AdcChannelsE
                0x0000dc90       0x2c Z:\PSA\ClearCore-library\libClearCore\Debug\libClearCore.a(DigitalInAnalogIn.o)
                0x0000dc90                ClearCore::DigitalInAnalogIn::DigitalInAnalogIn(ClearCore::ShiftRegister::Masks, ClearCore::ShiftRegister::Masks, PeripheralRoute const*, ClearCore::AdcManager::AdcChannels)
                0x0000dc90                ClearCore::DigitalInAnalogIn::DigitalInAnalogIn(ClearCore::ShiftRegister::Masks, ClearCore::ShiftRegister::Masks, PeripheralRoute const*, ClearCore::AdcManager::AdcChannels)
 .text._ZN9ClearCore17DigitalInAnalogIn7RefreshEv
                0x0000dcbc       0x78 Z:\PSA\ClearCore-library\libClearCore\Debug\libClearCore.a(DigitalInAnalogIn.o)
                0x0000dcbc                ClearCore::DigitalInAnalogIn::Refresh()
 .text._ZN9ClearCore17DigitalInAnalogIn10InitializeE13ClearCorePins
                0x0000dd34       0xb4 Z:\PSA\ClearCore-library\libClearCore\Debug\libClearCore.a(DigitalInAnalogIn.o)
                0x0000dd34                ClearCore::DigitalInAnalogIn::Initialize(ClearCorePins)
 .text._ZN9ClearCore17DigitalInAnalogIn5StateEv
                0x0000dde8       0x48 Z:\PSA\ClearCore-library\libClearCore\Debug\libClearCore.a(DigitalInAnalogIn.o)
                0x0000dde8                ClearCore::DigitalInAnalogIn::State()
 .text._ZN9ClearCore15BlinkCodeDriver6UpdateEv
                0x0000de30      0x2b0 Z:\PSA\ClearCore-library\libClearCore\Debug\libClearCore.a(BlinkCodeDriver.o)
                0x0000de30                ClearCore::BlinkCodeDriver::Update()
 .text._ZN9ClearCore19DigitalInOutHBridge4TypeEv
                0x0000e0e0        0x4 Z:\PSA\ClearCore-library\libClearCore\Debug\libClearCore.a(DigitalInOutHBridge.o)
                0x0000e0e0                ClearCore::DigitalInOutHBridge::Type()
 .text._ZN9ClearCore19DigitalInOutHBridge10IsWritableEv
                0x0000e0e4       0x10 Z:\PSA\ClearCore-library\libClearCore\Debug\libClearCore.a(DigitalInOutHBridge.o)
                0x0000e0e4                ClearCore::DigitalInOutHBridge::IsWritable()
 .text._ZN9ClearCore19DigitalInOutHBridgeC2ENS_13ShiftRegister5MasksEPK15PeripheralRouteS5_S5_S5_4IRQnb
                0x0000e0f4       0x60 Z:\PSA\ClearCore-library\libClearCore\Debug\libClearCore.a(DigitalInOutHBridge.o)
                0x0000e0f4                ClearCore::DigitalInOutHBridge::DigitalInOutHBridge(ClearCore::ShiftRegister::Masks, PeripheralRoute const*, PeripheralRoute const*, PeripheralRoute const*, PeripheralRoute const*, IRQn, bool)
                0x0000e0f4                ClearCore::DigitalInOutHBridge::DigitalInOutHBridge(ClearCore::ShiftRegister::Masks, PeripheralRoute const*, PeripheralRoute const*, PeripheralRoute const*, PeripheralRoute const*, IRQn, bool)
 .text._ZN9ClearCore19DigitalInOutHBridge10FaultStateEb
                0x0000e154       0x54 Z:\PSA\ClearCore-library\libClearCore\Debug\libClearCore.a(DigitalInOutHBridge.o)
                0x0000e154                ClearCore::DigitalInOutHBridge::FaultState(bool)
 .text._ZN9ClearCore19DigitalInOutHBridge5StateEv
                0x0000e1a8       0x3c Z:\PSA\ClearCore-library\libClearCore\Debug\libClearCore.a(DigitalInOutHBridge.o)
                0x0000e1a8                ClearCore::DigitalInOutHBridge::State()
 .text._ZN9ClearCore19DigitalInOutHBridge5StateEs
                0x0000e1e4       0x70 Z:\PSA\ClearCore-library\libClearCore\Debug\libClearCore.a(DigitalInOutHBridge.o)
                0x0000e1e4                ClearCore::DigitalInOutHBridge::State(short)
 .text._ZN9ClearCore19DigitalInOutHBridge10ToneUpdateEv
                0x0000e254      0x144 Z:\PSA\ClearCore-library\libClearCore\Debug\libClearCore.a(DigitalInOutHBridge.o)
                0x0000e254                ClearCore::DigitalInOutHBridge::ToneUpdate()
 .text._ZN9ClearCore19DigitalInOutHBridge7RefreshEv
                0x0000e398      0x114 Z:\PSA\ClearCore-library\libClearCore\Debug\libClearCore.a(DigitalInOutHBridge.o)
                0x0000e398                ClearCore::DigitalInOutHBridge::Refresh()
 .text._ZN9ClearCore19DigitalInOutHBridge10InitializeE13ClearCorePins
                0x0000e4ac       0xc8 Z:\PSA\ClearCore-library\libClearCore\Debug\libClearCore.a(DigitalInOutHBridge.o)
                0x0000e4ac                ClearCore::DigitalInOutHBridge::Initialize(ClearCorePins)
 .text._ZN9ClearCore19DigitalInOutHBridge4ModeENS_9Connector14ConnectorModesE
                0x0000e574      0x1a4 Z:\PSA\ClearCore-library\libClearCore\Debug\libClearCore.a(DigitalInOutHBridge.o)
                0x0000e574                ClearCore::DigitalInOutHBridge::Mode(ClearCore::Connector::ConnectorModes)
 .text._ZN9ClearCore10DmaManager8InstanceEv
                0x0000e718       0x28 Z:\PSA\ClearCore-library\libClearCore\Debug\libClearCore.a(DmaManager.o)
                0x0000e718                ClearCore::DmaManager::Instance()
 .text._ZN9ClearCore10DmaManager10InitializeEv
                0x0000e740       0x64 Z:\PSA\ClearCore-library\libClearCore\Debug\libClearCore.a(DmaManager.o)
                0x0000e740                ClearCore::DmaManager::Initialize()
 .text._ZN9ClearCore10DmaManager7ChannelENS_11DmaChannelsE
                0x0000e7a4       0x14 Z:\PSA\ClearCore-library\libClearCore\Debug\libClearCore.a(DmaManager.o)
                0x0000e7a4                ClearCore::DmaManager::Channel(ClearCore::DmaChannels)
 .text._ZN9ClearCore10DmaManager14BaseDescriptorENS_11DmaChannelsE
                0x0000e7b8       0x14 Z:\PSA\ClearCore-library\libClearCore\Debug\libClearCore.a(DmaManager.o)
                0x0000e7b8                ClearCore::DmaManager::BaseDescriptor(ClearCore::DmaChannels)
 .text.startup._GLOBAL__sub_I__ZN9ClearCore10DmaManager19writeBackDescriptorE
                0x0000e7cc       0x10 Z:\PSA\ClearCore-library\libClearCore\Debug\libClearCore.a(DmaManager.o)
 .text._ZN9ClearCore8TcpErrorEPva
                0x0000e7dc       0x10 Z:\PSA\ClearCore-library\libClearCore\Debug\libClearCore.a(EthernetTcp.o)
                0x0000e7dc                ClearCore::TcpError(void*, signed char)
 .text._ZN9ClearCore7TcpSendEPvP7tcp_pcbt
                0x0000e7ec       0x18 Z:\PSA\ClearCore-library\libClearCore\Debug\libClearCore.a(EthernetTcp.o)
                0x0000e7ec                ClearCore::TcpSend(void*, tcp_pcb*, unsigned short)
 .text._ZN9ClearCore10TcpReceiveEPvP7tcp_pcbP4pbufa
                0x0000e804      0x130 Z:\PSA\ClearCore-library\libClearCore\Debug\libClearCore.a(EthernetTcp.o)
                0x0000e804                ClearCore::TcpReceive(void*, tcp_pcb*, pbuf*, signed char)
 .text._ZN9ClearCore11EthernetTcpC2EPNS0_7TcpDataE
                0x0000e934        0xc Z:\PSA\ClearCore-library\libClearCore\Debug\libClearCore.a(EthernetTcp.o)
                0x0000e934                ClearCore::EthernetTcp::EthernetTcp(ClearCore::EthernetTcp::TcpData*)
                0x0000e934                ClearCore::EthernetTcp::EthernetTcp(ClearCore::EthernetTcp::TcpData*)
 .text._ZN9ClearCore9TcpAcceptEPvP7tcp_pcba
                0x0000e940      0x124 Z:\PSA\ClearCore-library\libClearCore\Debug\libClearCore.a(EthernetTcp.o)
                0x0000e940                ClearCore::TcpAccept(void*, tcp_pcb*, signed char)
 .text._ZN9ClearCore8TcpCloseEP7tcp_pcbPNS_11EthernetTcp7TcpDataE
                0x0000ea64       0x40 Z:\PSA\ClearCore-library\libClearCore\Debug\libClearCore.a(EthernetTcp.o)
                0x0000ea64                ClearCore::TcpClose(tcp_pcb*, ClearCore::EthernetTcp::TcpData*)
 .text._ZN9ClearCore16CcioBoardManager12CcioDiscoverEPNS_12SerialDriverE.part.1
                0x0000eaa4      0x488 Z:\PSA\ClearCore-library\libClearCore\Debug\libClearCore.a(CcioBoardManager.o)
 .text._ZN9ClearCore16CcioBoardManager8InstanceEv
                0x0000ef2c      0x118 Z:\PSA\ClearCore-library\libClearCore\Debug\libClearCore.a(CcioBoardManager.o)
                0x0000ef2c                ClearCore::CcioBoardManager::Instance()
 .text._ZN9ClearCore16CcioBoardManager10InitializeEv
                0x0000f044       0xb8 Z:\PSA\ClearCore-library\libClearCore\Debug\libClearCore.a(CcioBoardManager.o)
                0x0000f044                ClearCore::CcioBoardManager::Initialize()
 .text._ZN9ClearCore16CcioBoardManager8PinStateE13ClearCorePins
                0x0000f0fc       0x30 Z:\PSA\ClearCore-library\libClearCore\Debug\libClearCore.a(CcioBoardManager.o)
                0x0000f0fc                ClearCore::CcioBoardManager::PinState(ClearCorePins)
 .text._ZN9ClearCore16CcioBoardManager7RefreshEv
                0x0000f12c      0x5c4 Z:\PSA\ClearCore-library\libClearCore\Debug\libClearCore.a(CcioBoardManager.o)
                0x0000f12c                ClearCore::CcioBoardManager::Refresh()
 .text._ZN9ClearCore16CcioBoardManager11RefreshSlowEv
                0x0000f6f0       0x3c Z:\PSA\ClearCore-library\libClearCore\Debug\libClearCore.a(CcioBoardManager.o)
                0x0000f6f0                ClearCore::CcioBoardManager::RefreshSlow()
 .text._ZN9ClearCore16CcioBoardManager9LinkCloseEv
                0x0000f72c       0x40 Z:\PSA\ClearCore-library\libClearCore\Debug\libClearCore.a(CcioBoardManager.o)
                0x0000f72c                ClearCore::CcioBoardManager::LinkClose()
 .text._ZN9ClearCore16CcioBoardManager12CcioDiscoverEPNS_12SerialDriverE
                0x0000f76c       0x38 Z:\PSA\ClearCore-library\libClearCore\Debug\libClearCore.a(CcioBoardManager.o)
                0x0000f76c                ClearCore::CcioBoardManager::CcioDiscover(ClearCore::SerialDriver*)
 .text._ZN9ClearCore16CcioBoardManager10PinByIndexE13ClearCorePins
                0x0000f7a4       0x18 Z:\PSA\ClearCore-library\libClearCore\Debug\libClearCore.a(CcioBoardManager.o)
                0x0000f7a4                ClearCore::CcioBoardManager::PinByIndex(ClearCorePins)
 .text.startup._GLOBAL__sub_I__ZN9ClearCore7CcioMgrE
                0x0000f7bc       0x10 Z:\PSA\ClearCore-library\libClearCore\Debug\libClearCore.a(CcioBoardManager.o)
 .text._ZN9ClearCore7CcioPin4ModeEv
                0x0000f7cc        0x4 Z:\PSA\ClearCore-library\libClearCore\Debug\libClearCore.a(CcioPin.o)
                0x0000f7cc                ClearCore::CcioPin::Mode()
 .text._ZN9ClearCore7CcioPin4TypeEv
                0x0000f7d0        0x4 Z:\PSA\ClearCore-library\libClearCore\Debug\libClearCore.a(CcioPin.o)
                0x0000f7d0                ClearCore::CcioPin::Type()
 .text._ZN9ClearCore7CcioPin10IsWritableEv
                0x0000f7d4       0x10 Z:\PSA\ClearCore-library\libClearCore\Debug\libClearCore.a(CcioPin.o)
                0x0000f7d4                ClearCore::CcioPin::IsWritable()
 .text._ZN9ClearCore7CcioPin7RefreshEv
                0x0000f7e4        0x4 Z:\PSA\ClearCore-library\libClearCore\Debug\libClearCore.a(CcioPin.o)
                0x0000f7e4                ClearCore::CcioPin::Refresh()
 .text._ZN9ClearCore7CcioPin10InitializeE13ClearCorePins
                0x0000f7e8       0x40 Z:\PSA\ClearCore-library\libClearCore\Debug\libClearCore.a(CcioPin.o)
                0x0000f7e8                ClearCore::CcioPin::Initialize(ClearCorePins)
 .text._ZN9ClearCore7CcioPin4ModeENS_9Connector14ConnectorModesE
                0x0000f828       0x70 Z:\PSA\ClearCore-library\libClearCore\Debug\libClearCore.a(CcioPin.o)
                0x0000f828                ClearCore::CcioPin::Mode(ClearCore::Connector::ConnectorModes)
 .text._ZN9ClearCore7CcioPin5StateEv
                0x0000f898       0x3c Z:\PSA\ClearCore-library\libClearCore\Debug\libClearCore.a(CcioPin.o)
                0x0000f898                ClearCore::CcioPin::State()
 .text._ZN9ClearCore7CcioPin11IsInHwFaultEv
                0x0000f8d4       0x20 Z:\PSA\ClearCore-library\libClearCore\Debug\libClearCore.a(CcioPin.o)
                0x0000f8d4                ClearCore::CcioPin::IsInHwFault()
 .text._ZN9ClearCore7CcioPin5StateEs
                0x0000f8f4       0x48 Z:\PSA\ClearCore-library\libClearCore\Debug\libClearCore.a(CcioPin.o)
                0x0000f8f4                ClearCore::CcioPin::State(short)
 .text._ZN9ClearCore7CcioPinC2Ev
                0x0000f93c       0x34 Z:\PSA\ClearCore-library\libClearCore\Debug\libClearCore.a(CcioPin.o)
                0x0000f93c                ClearCore::CcioPin::CcioPin()
                0x0000f93c                ClearCore::CcioPin::CcioPin()
 .text._ZN9ClearCore11MotorDriver4TypeEv
                0x0000f970        0x4 Z:\PSA\ClearCore-library\libClearCore\Debug\libClearCore.a(MotorDriver.o)
                0x0000f970                ClearCore::MotorDriver::Type()
 .text._ZN9ClearCore11MotorDriver10IsWritableEv
                0x0000f974        0x4 Z:\PSA\ClearCore-library\libClearCore\Debug\libClearCore.a(MotorDriver.o)
                0x0000f974                ClearCore::MotorDriver::IsWritable()
 .text._ZN9ClearCore11MotorDriver11IsInHwFaultEv
                0x0000f978        0x8 Z:\PSA\ClearCore-library\libClearCore\Debug\libClearCore.a(MotorDriver.o)
                0x0000f978                ClearCore::MotorDriver::IsInHwFault()
 .text._ZN9ClearCore11MotorDriver4ModeEv
                0x0000f980        0x4 Z:\PSA\ClearCore-library\libClearCore\Debug\libClearCore.a(MotorDriver.o)
                0x0000f980                ClearCore::MotorDriver::Mode()
 .text._ZN9ClearCore11MotorDriver4ModeENS_9Connector14ConnectorModesE
                0x0000f984      0x164 Z:\PSA\ClearCore-library\libClearCore\Debug\libClearCore.a(MotorDriver.o)
                0x0000f984                ClearCore::MotorDriver::Mode(ClearCore::Connector::ConnectorModes)
 .text._ZN9ClearCore11MotorDriver15OutputDirectionEv
                0x0000fae8       0x58 Z:\PSA\ClearCore-library\libClearCore\Debug\libClearCore.a(MotorDriver.o)
                0x0000fae8                ClearCore::MotorDriver::OutputDirection()
                0x0000fb38                non-virtual thunk to ClearCore::MotorDriver::OutputDirection()
 .text._ZN9ClearCore11MotorDriverC2ENS_13ShiftRegister5MasksEPK15PeripheralRouteS5_S5_tt
                0x0000fb40      0x1a8 Z:\PSA\ClearCore-library\libClearCore\Debug\libClearCore.a(MotorDriver.o)
                0x0000fb40                ClearCore::MotorDriver::MotorDriver(ClearCore::ShiftRegister::Masks, PeripheralRoute const*, PeripheralRoute const*, PeripheralRoute const*, unsigned short, unsigned short)
                0x0000fb40                ClearCore::MotorDriver::MotorDriver(ClearCore::ShiftRegister::Masks, PeripheralRoute const*, PeripheralRoute const*, PeripheralRoute const*, unsigned short, unsigned short)
 .text._ZN9ClearCore11MotorDriver13EnableRequestEb
                0x0000fce8      0x124 Z:\PSA\ClearCore-library\libClearCore\Debug\libClearCore.a(MotorDriver.o)
                0x0000fce8                ClearCore::MotorDriver::EnableRequest(bool)
 .text._ZN9ClearCore11MotorDriver11RefreshSlowEv
                0x0000fe0c       0xe8 Z:\PSA\ClearCore-library\libClearCore\Debug\libClearCore.a(MotorDriver.o)
                0x0000fe0c                ClearCore::MotorDriver::RefreshSlow()
 .text._ZN9ClearCore11MotorDriver10FaultStateEb
                0x0000fef4       0xf8 Z:\PSA\ClearCore-library\libClearCore\Debug\libClearCore.a(MotorDriver.o)
                0x0000fef4                ClearCore::MotorDriver::FaultState(bool)
 *fill*         0x0000ffec        0x4 
 .text._ZN9ClearCore11MotorDriver7RefreshEv
                0x0000fff0      0x65c Z:\PSA\ClearCore-library\libClearCore\Debug\libClearCore.a(MotorDriver.o)
                0x0000fff0                ClearCore::MotorDriver::Refresh()
 .text._ZN9ClearCore11MotorDriver4MoveElNS_13StepGenerator10MoveTargetE
                0x0001064c       0xf0 Z:\PSA\ClearCore-library\libClearCore\Debug\libClearCore.a(MotorDriver.o)
                0x0001064c                ClearCore::MotorDriver::Move(long, ClearCore::StepGenerator::MoveTarget)
 .text._ZThn48_N9ClearCore11MotorDriver4MoveElNS_13StepGenerator10MoveTargetE
                0x0001073c        0x8 Z:\PSA\ClearCore-library\libClearCore\Debug\libClearCore.a(MotorDriver.o)
                0x0001073c                non-virtual thunk to ClearCore::MotorDriver::Move(long, ClearCore::StepGenerator::MoveTarget)
 .text._ZN9ClearCore11MotorDriver12MoveVelocityEl
                0x00010744       0xd8 Z:\PSA\ClearCore-library\libClearCore\Debug\libClearCore.a(MotorDriver.o)
                0x00010744                ClearCore::MotorDriver::MoveVelocity(long)
 .text._ZThn48_N9ClearCore11MotorDriver12MoveVelocityEl
                0x0001081c        0x8 Z:\PSA\ClearCore-library\libClearCore\Debug\libClearCore.a(MotorDriver.o)
                0x0001081c                non-virtual thunk to ClearCore::MotorDriver::MoveVelocity(long)
 .text._ZN9ClearCore11MotorDriver10InitializeE13ClearCorePins
                0x00010824      0x314 Z:\PSA\ClearCore-library\libClearCore\Debug\libClearCore.a(MotorDriver.o)
                0x00010824                ClearCore::MotorDriver::Initialize(ClearCorePins)
 .text._ZN9ClearCore12SdCardDriverC2EPK15PeripheralRouteS3_S3_S3_h
                0x00010b38       0x40 Z:\PSA\ClearCore-library\libClearCore\Debug\libClearCore.a(SdCardDriver.o)
                0x00010b38                ClearCore::SdCardDriver::SdCardDriver(PeripheralRoute const*, PeripheralRoute const*, PeripheralRoute const*, PeripheralRoute const*, unsigned char)
                0x00010b38                ClearCore::SdCardDriver::SdCardDriver(PeripheralRoute const*, PeripheralRoute const*, PeripheralRoute const*, PeripheralRoute const*, unsigned char)
 .text._ZN9ClearCore10SerialBase10PortIsOpenEv
                0x00010b78        0x8 Z:\PSA\ClearCore-library\libClearCore\Debug\libClearCore.a(SerialBase.o)
                0x00010b78                ClearCore::SerialBase::PortIsOpen()
 .text._ZN9ClearCore10SerialBase5FlushEv
                0x00010b80       0x10 Z:\PSA\ClearCore-library\libClearCore\Debug\libClearCore.a(SerialBase.o)
                0x00010b80                ClearCore::SerialBase::Flush()
 .text._ZN9ClearCore10SerialBase10FlushInputEv
                0x00010b90       0x14 Z:\PSA\ClearCore-library\libClearCore\Debug\libClearCore.a(SerialBase.o)
                0x00010b90                ClearCore::SerialBase::FlushInput()
 .text._ZN9ClearCore10SerialBase7CharGetEv
                0x00010ba4       0x38 Z:\PSA\ClearCore-library\libClearCore\Debug\libClearCore.a(SerialBase.o)
                0x00010ba4                ClearCore::SerialBase::CharGet()
 .text._ZN9ClearCore10SerialBase8CharPeekEv
                0x00010bdc       0x1c Z:\PSA\ClearCore-library\libClearCore\Debug\libClearCore.a(SerialBase.o)
                0x00010bdc                ClearCore::SerialBase::CharPeek()
 .text._ZN9ClearCore10SerialBase16AvailableForReadEv
                0x00010bf8       0x10 Z:\PSA\ClearCore-library\libClearCore\Debug\libClearCore.a(SerialBase.o)
                0x00010bf8                ClearCore::SerialBase::AvailableForRead()
 .text._ZN9ClearCore10SerialBase17AvailableForWriteEv
                0x00010c08       0x14 Z:\PSA\ClearCore-library\libClearCore\Debug\libClearCore.a(SerialBase.o)
                0x00010c08                ClearCore::SerialBase::AvailableForWrite()
 .text._ZN9ClearCore10SerialBase8SendCharEh
                0x00010c1c       0x40 Z:\PSA\ClearCore-library\libClearCore\Debug\libClearCore.a(SerialBase.o)
                0x00010c1c                ClearCore::SerialBase::SendChar(unsigned char)
 .text._ZN9ClearCore10SerialBase19WaitForTransmitIdleEv
                0x00010c5c       0x58 Z:\PSA\ClearCore-library\libClearCore\Debug\libClearCore.a(SerialBase.o)
                0x00010c5c                ClearCore::SerialBase::WaitForTransmitIdle()
 .text._ZN9ClearCore10SerialBase5SpeedEm
                0x00010cb4      0x154 Z:\PSA\ClearCore-library\libClearCore\Debug\libClearCore.a(SerialBase.o)
                0x00010cb4                ClearCore::SerialBase::Speed(unsigned long)
 .text._ZN9ClearCore10SerialBase9PortCloseEv
                0x00010e08      0x118 Z:\PSA\ClearCore-library\libClearCore\Debug\libClearCore.a(SerialBase.o)
                0x00010e08                ClearCore::SerialBase::PortClose()
 .text._ZN9ClearCore10SerialBase6ParityENS_7ISerial9_ParitiesE
                0x00010f20       0xf0 Z:\PSA\ClearCore-library\libClearCore\Debug\libClearCore.a(SerialBase.o)